=====================================================================
== C:\Program Files (x86)\Steam\steamapps\common\Arna 3 Servers\Arma 3 Server\arma3server_x64.exe
== "C:\Program Files (x86)\Steam\steamapps\common\Arna 3 Servers\Arma 3 Server\arma3server_x64.exe"  -port=2302 "-config=C:\Program Files (x86)\Steam\steamapps\common\Arna 3 Servers\Arma 3 Server\TADST\default\TADST_config.cfg" "-cfg=C:\Program Files (x86)\Steam\steamapps\common\Arna 3 Servers\Arma 3 Server\TADST\default\TADST_basic.cfg" "-profiles=C:\Program Files (x86)\Steam\steamapps\common\Arna 3 Servers\Arma 3 Server\TADST\default" -name=default -filePatching "-mod=argo;curator;heli;jets;kart;mark;orange;tacops;tank;@extDB3;@life_server;@infiSTAR_A3"

Original output filename: Arma3Retail_Server_x64
Exe timestamp: 2018/12/11 20:28:04
Current time:  2019/01/14 00:16:56

Type: Public
Build: Stable
Version: 1.88.145285

Allocator: C:\Program Files (x86)\Steam\steamapps\common\Arna 3 Servers\Arma 3 Server\Dll\tbb4malloc_bi_x64.dll [2017.0.0.0] [2017.0.0.0]
PhysMem: 16 GiB, VirtMem : 131072 GiB, AvailPhys : 3.3 GiB, AvailVirt : 131068 GiB, AvailPage : 5.3 GiB
=====================================================================

 0:16:56 Detected number of DLCs: 20
 0:16:57 DLC index:3 - unable to get DLC data
 0:16:57 ----------------------------------------- Dlcs -----------------------------------------
 0:16:57                                 name      appId   owned  installed  available   isDlc
 0:16:57                               Arma 3     107410     yes        yes        yes      no
 0:16:57                              Unknown         -1      no         no         no     yes
 0:16:57                          Arma 3 Zeus     275700     yes        yes        yes     yes
 0:16:57                   Arma 3 Helicopters     304380     yes        yes        yes     yes
 0:16:57                   Arma 3 Laws of War     571710     yes        yes        yes     yes
 0:16:57                  Arma 3 DLC Bundle 2     612480      no         no        yes     yes
 0:16:57                        Arma 3 Malden     639600     yes        yes        yes     yes
 0:16:57                         Arma 3 Tanks     798390      no         no        yes     yes
 0:16:57      Arma 3 Alpha Lite - expires now     228800      no         no         no     yes
 0:16:57                        Arma 3 Server     233780     yes        yes         no     yes
 0:16:57                    Arma 3 Soundtrack     249860      no         no         no     yes
 0:16:57                  Arma 3 DLC Bundle 1     304400     yes        yes        yes     yes
 0:16:57                       Arma 3 Samples     390500     yes        yes         no     yes
 0:16:57                          Arma 3 Apex     395180     yes        yes        yes     yes
 0:16:57                          Arma 3 Jets     601670      no         no        yes     yes
 0:16:57          Arma 3 Tac-Ops Mission Pack     744950      no         no        yes     yes
 0:16:57                          Arma 3 Maps     249861      no         no         no     yes
 0:16:57                Arma 3 Tactical Guide     249862      no         no         no     yes
 0:16:57                         Arma 3 Tools     233800     yes        yes         no     yes
 0:16:57                         Arma 3 Karts     288520     yes        yes        yes     yes
 0:16:57                      Arma 3 Marksmen     332350     yes        yes        yes     yes
 0:16:57 ----------------------------------------------------------------------------------------
 0:16:57 Cannot register unknown string STR_3DEN_CAMERA_NAME
 0:16:57 Cannot register unknown string STR_DIFF_SCENE_ONLY
 0:16:57 Cannot register unknown string STR_DIFF_SCENE_AND_MAP
 0:16:57 Initializing stats manager.
 0:16:57 Stats config disabled.
 0:16:57 sessionID: 8f1d82d9105360bb9c76340ba9ffad6ba1ab7bcc
 0:17:05 Item str_a3_to_c01_m02_036_ta_mechanized_briefing_SOLDIERC_0 listed twice
 0:17:13 Updating base class RscShortcutButton->RscButton, by a3\editor_f\config.bin/RscDisplayEditObject/Controls/B_OK/ (original bin\config.bin)
 0:17:13 Updating base class RscSliderH->RscXSliderH, by a3\editor_f\config.bin/RscDisplayEditObject/Slider/ (original bin\config.bin)
 0:17:13 Updating base class RscText->RscPicture, by a3\editor_f\config.bin/RscDisplayEditObject/Preview/ (original bin\config.bin)
 0:17:13 Updating base class RscShortcutButton->RscButton, by a3\editor_f\config.bin/RscDisplayMissionLoad/Controls/B_OK/ (original bin\config.bin)
 0:17:13 Updating base class RscShortcutButton->RscButton, by a3\editor_f\config.bin/RscDisplayMissionSave/Controls/B_OK/ (original bin\config.bin)
 0:17:13 Updating base class ->RscControlsGroup, by a3\ui_f\config.bin/RscControlsGroupNoScrollbars/ (original a3\ui_f\config.bin)
 0:17:13 Updating base class ->RscControlsGroup, by a3\ui_f\config.bin/RscControlsGroupNoHScrollbars/ (original a3\ui_f\config.bin)
 0:17:13 Updating base class ->RscControlsGroup, by a3\ui_f\config.bin/RscControlsGroupNoVScrollbars/ (original a3\ui_f\config.bin)
 0:17:13 Updating base class ->RscText, by a3\ui_f\config.bin/RscLine/ (original a3\ui_f\config.bin)
 0:17:13 Updating base class ->RscActiveText, by a3\ui_f\config.bin/RscActivePicture/ (original a3\ui_f\config.bin)
 0:17:13 Updating base class ->RscButton, by a3\ui_f\config.bin/RscButtonTextOnly/ (original a3\ui_f\config.bin)
 0:17:13 Updating base class ->RscShortcutButton, by a3\ui_f\config.bin/RscShortcutButtonMain/ (original a3\ui_f\config.bin)
 0:17:13 Updating base class ->RscShortcutButton, by a3\ui_f\config.bin/RscButtonEditor/ (original a3\ui_f\config.bin)
 0:17:13 Updating base class ->RscShortcutButton, by a3\ui_f\config.bin/RscIGUIShortcutButton/ (original a3\ui_f\config.bin)
 0:17:13 Updating base class ->RscShortcutButton, by a3\ui_f\config.bin/RscGearShortcutButton/ (original a3\ui_f\config.bin)
 0:17:13 Updating base class ->RscShortcutButton, by a3\ui_f\config.bin/RscButtonMenu/ (original a3\ui_f\config.bin)
 0:17:13 Updating base class ->RscButtonMenu, by a3\ui_f\config.bin/RscButtonMenuOK/ (original a3\ui_f\config.bin)
 0:17:13 Updating base class ->RscButtonMenu, by a3\ui_f\config.bin/RscButtonMenuCancel/ (original a3\ui_f\config.bin)
 0:17:13 Updating base class ->RscButtonMenu, by a3\ui_f\config.bin/RscButtonMenuSteam/ (original a3\ui_f\config.bin)
 0:17:13 Updating base class ->RscText, by a3\ui_f\config.bin/RscLoadingText/ (original a3\ui_f\config.bin)
 0:17:13 Updating base class ->RscListBox, by a3\ui_f\config.bin/RscIGUIListBox/ (original a3\ui_f\config.bin)
 0:17:13 Updating base class ->RscListNBox, by a3\ui_f\config.bin/RscIGUIListNBox/ (original a3\ui_f\config.bin)
 0:17:13 Updating base class ->RscText, by a3\ui_f\config.bin/RscBackground/ (original a3\ui_f\config.bin)
 0:17:13 Updating base class ->RscText, by a3\ui_f\config.bin/RscBackgroundGUI/ (original a3\ui_f\config.bin)
 0:17:13 Updating base class ->RscPicture, by a3\ui_f\config.bin/RscBackgroundGUILeft/ (original a3\ui_f\config.bin)
 0:17:13 Updating base class ->RscPicture, by a3\ui_f\config.bin/RscBackgroundGUIRight/ (original a3\ui_f\config.bin)
 0:17:13 Updating base class ->RscPicture, by a3\ui_f\config.bin/RscBackgroundGUIBottom/ (original a3\ui_f\config.bin)
 0:17:13 Updating base class ->RscText, by a3\ui_f\config.bin/RscBackgroundGUITop/ (original a3\ui_f\config.bin)
 0:17:13 Updating base class ->RscText, by a3\ui_f\config.bin/RscBackgroundGUIDark/ (original a3\ui_f\config.bin)
 0:17:13 Updating base class ->RscPictureKeepAspect, by a3\ui_f\config.bin/RscBackgroundLogo/ (original a3\ui_f\config.bin)
 0:17:13 Updating base class ->RscMapControl, by a3\ui_f\config.bin/RscMapControlEmpty/ (original a3\ui_f\config.bin)
 0:17:13 Updating base class ->RscPicture, by a3\ui_f\config.bin/CA_Mainback/ (original a3\ui_f\config.bin)
 0:17:13 Updating base class ->CA_Mainback, by a3\ui_f\config.bin/CA_Back/ (original a3\ui_f\config.bin)
 0:17:13 Updating base class ->CA_Mainback, by a3\ui_f\config.bin/CA_Title_Back/ (original a3\ui_f\config.bin)
 0:17:13 Updating base class ->CA_Mainback, by a3\ui_f\config.bin/CA_Black_Back/ (original a3\ui_f\config.bin)
 0:17:13 Updating base class ->RscTitle, by a3\ui_f\config.bin/CA_Title/ (original a3\ui_f\config.bin)
 0:17:13 Updating base class ->RscPictureKeepAspect, by a3\ui_f\config.bin/CA_Logo/ (original a3\ui_f\config.bin)
 0:17:13 Updating base class ->CA_Logo, by a3\ui_f\config.bin/CA_Logo_Small/ (original a3\ui_f\config.bin)
 0:17:13 Updating base class ->RscButton, by a3\ui_f\config.bin/CA_RscButton/ (original a3\ui_f\config.bin)
 0:17:13 Updating base class ->CA_RscButton, by a3\ui_f\config.bin/CA_RscButton_dialog/ (original a3\ui_f\config.bin)
 0:17:13 Updating base class ->RscActiveText, by a3\ui_f\config.bin/CA_Ok/ (original a3\ui_f\config.bin)
 0:17:13 Updating base class ->RscText, by a3\ui_f\config.bin/CA_Ok_image/ (original a3\ui_f\config.bin)
 0:17:13 Updating base class ->RscText, by a3\ui_f\config.bin/CA_Ok_image2/ (original a3\ui_f\config.bin)
 0:17:13 Updating base class ->RscText, by a3\ui_f\config.bin/CA_Ok_text/ (original a3\ui_f\config.bin)
 0:17:13 Updating base class ->RscPicture, by a3\ui_f\config.bin/RscVignette/ (original a3\ui_f\config.bin)
 0:17:13 Updating base class ->RscControlsGroupNoScrollbars, by a3\ui_f\config.bin/RscMapControlTooltip/ (original a3\ui_f\config.bin)
 0:17:13 Updating base class RscUnitInfo->RscUnitInfoAirNoWeapon, by a3\ui_f\config.bin/RscInGameUI/RscUnitInfoAir/ (original a3\ui_f\config.bin)
 0:17:13 Updating base class RscControlsGroup->RscControlsGroupNoScrollbars, by a3\ui_f\config.bin/RscInGameUI/RscTaskOverview/controls/TaskOverviewAssigned/ (original bin\config.bin)
 0:17:13 Updating base class RscShortcutButton->RscButtonMenu, by a3\ui_f\config.bin/RscDisplayDebug/Controls/B_OK/ (original bin\config.bin)
 0:17:13 Updating base class RscShortcutButton->RscButtonMenu, by a3\ui_f\config.bin/RscDisplayDebug/Controls/B_Cancel/ (original bin\config.bin)
 0:17:13 Updating base class RscShortcutButton->RscButtonMenu, by a3\ui_f\config.bin/RscDisplayDebug/Controls/B_Clear/ (original bin\config.bin)
 0:17:13 Updating base class ->RscText, by a3\ui_f\config.bin/RscDisplayCapture/controls/TimeLines/ (original bin\config.bin)
 0:17:13 Updating base class RscShortcutButton->RscButtonMenu, by a3\ui_f\config.bin/RscDisplayCapture/controls/ButtonAverages/ (original bin\config.bin)
 0:17:13 Updating base class RscShortcutButton->RscButtonMenu, by a3\ui_f\config.bin/RscDisplayCapture/controls/ButtonSavePreviousData/ (original bin\config.bin)
 0:17:13 Updating base class RscShortcutButton->RscButtonMenu, by a3\ui_f\config.bin/RscDisplayCapture/controls/ButtonPreviousData/ (original bin\config.bin)
 0:17:13 Updating base class RscPicture->RscPictureKeepAspect, by a3\ui_f\config.bin/RscDisplayMain/IconPicture/ (original bin\config.bin)
 0:17:13 Updating base class IconPicture->RscPictureKeepAspect, by a3\ui_f\config.bin/RscDisplayMain/DlcOwnedIconPicture/ (original a3\ui_f\config.bin)
 0:17:13 Updating base class IconPicture->RscPictureKeepAspect, by a3\ui_f\config.bin/RscDisplayMain/DlcIconPicture/ (original a3\ui_f\config.bin)
 0:17:13 Updating base class RscControlsGroup->RscControlsGroupNoScrollbars, by a3\ui_f\config.bin/RscDisplayCampaignLoad/controls/OverviewGroup/ (original bin\config.bin)
 0:17:13 Updating base class RscButton->RscButtonSearch, by a3\ui_f\config.bin/RscDisplayCampaignLoad/controls/SearchButton/ (original bin\config.bin)
 0:17:13 Updating base class RscShortcutButton->RscButtonMenuCancel, by a3\ui_f\config.bin/RscDisplayCampaignLoad/controls/ButtonCancel/ (original bin\config.bin)
 0:17:13 Updating base class RscShortcutButton->RscButtonMenu, by a3\ui_f\config.bin/RscDisplayCampaignLoad/controls/ButtonGameOptions/ (original bin\config.bin)
 0:17:13 Updating base class RscShortcutButton->RscButtonMenuSteam, by a3\ui_f\config.bin/RscDisplayCampaignLoad/controls/ButtonBuyDLC/ (original bin\config.bin)
 0:17:13 Updating base class RscShortcutButton->RscButtonMenu, by a3\ui_f\config.bin/RscDisplayCampaignLoad/controls/ButtonRevert/ (original bin\config.bin)
 0:17:13 Updating base class RscShortcutButton->RscButtonMenuOK, by a3\ui_f\config.bin/RscDisplayCampaignLoad/controls/ButtonOK/ (original bin\config.bin)
 0:17:13 Updating base class RscListBox->RscCombo, by a3\ui_f\config.bin/RscDisplayCustomizeController/Steepness/ (original bin\config.bin)
 0:17:13 Updating base class ->RscStandardDisplay, by a3\ui_f\config.bin/RscDisplayControlSchemes/ (original bin\config.bin)
 0:17:13 Updating base class ButtonOK->RscButtonMenuCancel, by a3\ui_f\config.bin/RscDisplayControlSchemes/controls/ButtonCancel/ (original bin\config.bin)
 0:17:13 Updating base class RscButton->RscButtonMenuOK, by a3\ui_f\config.bin/RscDisplayControlSchemes/controls/ButtonOK/ (original bin\config.bin)
 0:17:13 Updating base class RscPicture->RscPictureKeepAspect, by a3\ui_f\config.bin/RscDisplayFileSelectImage/controls/OverviewPicture/ (original bin\config.bin)
 0:17:13 Updating base class RscShortcutButton->RscButtonMenuCancel, by a3\ui_f\config.bin/RscDisplayFieldManual/Controls/ButtonCancel/ (original bin\config.bin)
 0:17:13 Cannot delete class B_KickOff, it is referenced somewhere (used as a base class probably).
 0:17:13 Updating base class RscButton->RscButtonMenuCancel, by a3\ui_f\config.bin/RscDisplayPublishMission/controls/ButtonCancel/ (original bin\config.bin)
 0:17:13 Updating base class RscShortcutButton->RscButtonMenuOK, by a3\ui_f\config.bin/RscDisplayPublishMissionSelectTags/controls/ButtonOK/ (original bin\config.bin)
 0:17:13 Updating base class ButtonOK->RscButtonMenuCancel, by a3\ui_f\config.bin/RscDisplayPublishMissionSelectTags/controls/ButtonCancel/ (original bin\config.bin)
 0:17:13 Updating base class ->RscSubmenu, by a3\ui_f\config.bin/RscMainMenu/ (original bin\config.bin)
 0:17:13 Updating base class None->ActiveSensorsOn, by a3\ui_f\config.bin/CfgActions/ActiveSensorsOff/ (original bin\config.bin)
 0:17:13 Updating base class None->ListRightVehicleDisplay, by a3\ui_f\config.bin/CfgActions/ListLeftVehicleDisplay/ (original bin\config.bin)
 0:17:13 Updating base class None->ListPrevRightVehicleDisplay, by a3\ui_f\config.bin/CfgActions/ListPrevLeftVehicleDisplay/ (original bin\config.bin)
 0:17:13 Updating base class None->CloseRightVehicleDisplay, by a3\ui_f\config.bin/CfgActions/CloseLeftVehicleDisplay/ (original bin\config.bin)
 0:17:13 Updating base class None->NextModeRightVehicleDisplay, by a3\ui_f\config.bin/CfgActions/NextModeLeftVehicleDisplay/ (original bin\config.bin)
 0:17:13 Updating base class ->DistanceClose, by a3\ui_f\config.bin/CfgSimpleTasks/Icon3D/DistanceMid/ (original bin\config.bin)
 0:17:13 Updating base class ->DistanceClose, by a3\ui_f\config.bin/CfgSimpleTasks/Icon3D/DistanceLong/ (original bin\config.bin)
 0:17:14 Updating base class ->ctrlDefaultText, by a3\3den\config.bin/ctrlStatic/ (original a3\3den\config.bin)
 0:17:14 Updating base class ->ctrlActiveText, by a3\3den\config.bin/ctrlActivePicture/ (original a3\3den\config.bin)
 0:17:14 Updating base class ->ctrlDefaultText, by a3\3den\config.bin/ctrlStructuredText/ (original a3\3den\config.bin)
 0:17:14 Updating base class ->ctrlControlsGroup, by a3\3den\config.bin/ctrlControlsGroupNoScrollbars/ (original a3\3den\config.bin)
 0:17:14 Updating base class ->ctrlDefault, by a3\3den\config.bin/ctrlCheckbox/ (original a3\3den\config.bin)
 0:17:14 Updating base class ->ctrlCheckbox, by a3\3den\config.bin/ctrlCheckboxBaseline/ (original a3\3den\config.bin)
 0:17:14 Updating base class RscText->ctrlStaticBackgroundDisable, by a3\3den\config.bin/RscDisplayOptionsAudio/ControlsBackground/BackgroundDisable/ (original a3\3den\config.bin)
 0:17:14 Updating base class RscText->ctrlStaticBackgroundDisableTiles, by a3\3den\config.bin/RscDisplayOptionsAudio/ControlsBackground/BackgroundDisableTiles/ (original a3\3den\config.bin)
 0:17:14 Updating base class RscText->ctrlStaticBackgroundDisable, by a3\3den\config.bin/RscDisplayConfigure/ControlsBackground/BackgroundDisable/ (original a3\3den\config.bin)
 0:17:14 Updating base class RscText->ctrlStaticBackgroundDisableTiles, by a3\3den\config.bin/RscDisplayConfigure/ControlsBackground/BackgroundDisableTiles/ (original a3\3den\config.bin)
 0:17:14 Updating base class RscText->ctrlStaticBackgroundDisable, by a3\3den\config.bin/RscDisplayConfigureAction/ControlsBackground/BackgroundDisable/ (original a3\3den\config.bin)
 0:17:14 Updating base class RscText->ctrlStaticBackgroundDisableTiles, by a3\3den\config.bin/RscDisplayConfigureAction/ControlsBackground/BackgroundDisableTiles/ (original a3\3den\config.bin)
 0:17:14 Updating base class RscText->ctrlStaticBackgroundDisable, by a3\3den\config.bin/RscDisplayConfigureControllers/ControlsBackground/BackgroundDisable/ (original a3\3den\config.bin)
 0:17:14 Updating base class RscText->ctrlStaticBackgroundDisableTiles, by a3\3den\config.bin/RscDisplayConfigureControllers/ControlsBackground/BackgroundDisableTiles/ (original a3\3den\config.bin)
 0:17:14 Updating base class RscText->ctrlStaticBackgroundDisable, by a3\3den\config.bin/RscDisplayGameOptions/ControlsBackground/BackgroundDisable/ (original a3\3den\config.bin)
 0:17:14 Updating base class RscText->ctrlStaticBackgroundDisableTiles, by a3\3den\config.bin/RscDisplayGameOptions/ControlsBackground/BackgroundDisableTiles/ (original a3\3den\config.bin)
 0:17:14 Updating base class controls->, by a3\3den\config.bin/RscDisplayArcadeMap_Layout_2/Controls/ (original a3\ui_f\config.bin)
 0:17:14 Updating base class controls->, by a3\3den\config.bin/RscDisplayArcadeMap_Layout_6/Controls/ (original a3\ui_f\config.bin)
 0:17:14 Updating base class ->ctrlControlsGroupNoScrollbars, by a3\3den\config.bin/Cfg3DEN/Attributes/Default/ (original a3\3den\config.bin)
 0:17:14 Updating base class ->ctrlStatic, by a3\3den\config.bin/Cfg3DEN/Attributes/Title/Controls/Title/ (original a3\3den\config.bin)
 0:17:14 Updating base class ->Controls, by a3\3den\config.bin/Cfg3DEN/Attributes/Toolbox/Controls/ (original a3\modules_f\config.bin)
 0:17:14 Updating base class ->Title, by a3\3den\config.bin/Cfg3DEN/Attributes/Toolbox/Controls/Title/ (original a3\3den\config.bin)
 0:17:14 Updating base class ->ctrlToolbox, by a3\3den\config.bin/Cfg3DEN/Attributes/Toolbox/Controls/Value/ (original a3\3den\config.bin)
 0:17:14 Updating base class I_1stRegiment->BaseGuer, by a3\missions_f_orange\config.bin/CfgORBAT/BIS/I_3rdRegiment/ (original a3\missions_f_epa\config.bin)
 0:17:14 Updating base class CounterMeasureFlare->, by a3\weapons_f_orange\config.bin/FlareShell/ (original a3\weapons_f_orange\config.bin)
 0:17:14 Updating base class Controls->, by a3\modules_f_tacops\config.bin/Cfg3DEN/Attributes/Toolbox/Controls/ (original a3\3den\config.bin)
 0:17:14 Updating base class Controls->, by a3\modules_f_tacops\config.bin/Cfg3DEN/Attributes/Combo/Controls/ (original a3\3den\config.bin)
 0:17:14 Updating base class Controls->, by a3\modules_f_tacops\config.bin/Cfg3DEN/Attributes/Slider/Controls/ (original a3\3den\config.bin)
 0:17:17 Initializing Steam Manager
 0:17:17 Starting initial content check.
 0:17:17 Steam Manager initialized.
 0:17:17 
 0:17:17 ==== Loaded addons ====
 0:17:17 
 0:17:17 dta\bin.pbo - 145285
 0:17:17 dta\core.pbo - 129618
 0:17:17 dta\languagecore_f.pbo - 136608
 0:17:17 C:\Program Files (x86)\Steam\steamapps\common\Arna 3 Servers\Arma 3 Server\@infiSTAR_A3\addons\a3_infistar.pbo - unknown
 0:17:17 C:\Program Files (x86)\Steam\steamapps\common\Arna 3 Servers\Arma 3 Server\@life_server\addons\life_server.pbo - unknown
 0:17:17 C:\Program Files (x86)\Steam\steamapps\common\Arna 3 Servers\Arma 3 Server\@extDB3\addons\extdb3.pbo - unknown
 0:17:17 C:\Program Files (x86)\Steam\steamapps\common\Arna 3 Servers\Arma 3 Server\tank\addons\armor_f_tank.ebo - 135661
 0:17:17 C:\Program Files (x86)\Steam\steamapps\common\Arna 3 Servers\Arma 3 Server\tank\addons\cargoposes_f_tank.ebo - 128283
 0:17:17 C:\Program Files (x86)\Steam\steamapps\common\Arna 3 Servers\Arma 3 Server\tank\addons\characters_f_tank.ebo - 133719
 0:17:17 C:\Program Files (x86)\Steam\steamapps\common\Arna 3 Servers\Arma 3 Server\tank\addons\data_f_tank.ebo - 128203
 0:17:17 C:\Program Files (x86)\Steam\steamapps\common\Arna 3 Servers\Arma 3 Server\tank\addons\dubbing_f_tank.ebo - 127958
 0:17:17 C:\Program Files (x86)\Steam\steamapps\common\Arna 3 Servers\Arma 3 Server\tank\addons\editorpreviews_f_tank.ebo - 131632
 0:17:17 C:\Program Files (x86)\Steam\steamapps\common\Arna 3 Servers\Arma 3 Server\tank\addons\functions_f_tank.ebo - 125996
 0:17:17 C:\Program Files (x86)\Steam\steamapps\common\Arna 3 Servers\Arma 3 Server\tank\addons\languagemissions_f_tank.ebo - 136954
 0:17:17 C:\Program Files (x86)\Steam\steamapps\common\Arna 3 Servers\Arma 3 Server\tank\addons\language_f_tank.ebo - 136608
 0:17:17 C:\Program Files (x86)\Steam\steamapps\common\Arna 3 Servers\Arma 3 Server\tank\addons\missions_f_tank.ebo - 130984
 0:17:17 C:\Program Files (x86)\Steam\steamapps\common\Arna 3 Servers\Arma 3 Server\tank\addons\missions_f_tank_data.ebo - 128937
 0:17:17 C:\Program Files (x86)\Steam\steamapps\common\Arna 3 Servers\Arma 3 Server\tank\addons\modules_f_tank.ebo - 129574
 0:17:17 C:\Program Files (x86)\Steam\steamapps\common\Arna 3 Servers\Arma 3 Server\tank\addons\music_f_tank.ebo - 127912
 0:17:17 C:\Program Files (x86)\Steam\steamapps\common\Arna 3 Servers\Arma 3 Server\tank\addons\props_f_tank.ebo - 131702
 0:17:17 C:\Program Files (x86)\Steam\steamapps\common\Arna 3 Servers\Arma 3 Server\tank\addons\sounds_f_tank.ebo - 136239
 0:17:17 C:\Program Files (x86)\Steam\steamapps\common\Arna 3 Servers\Arma 3 Server\tank\addons\structures_f_tank.ebo - 131803
 0:17:17 C:\Program Files (x86)\Steam\steamapps\common\Arna 3 Servers\Arma 3 Server\tank\addons\ui_f_tank.ebo - 132532
 0:17:17 C:\Program Files (x86)\Steam\steamapps\common\Arna 3 Servers\Arma 3 Server\tank\addons\weapons_f_tank.pbo - 135808
 0:17:17 C:\Program Files (x86)\Steam\steamapps\common\Arna 3 Servers\Arma 3 Server\tacops\addons\characters_f_tacops.ebo - 129739
 0:17:17 C:\Program Files (x86)\Steam\steamapps\common\Arna 3 Servers\Arma 3 Server\tacops\addons\data_f_tacops.ebo - 126731
 0:17:17 C:\Program Files (x86)\Steam\steamapps\common\Arna 3 Servers\Arma 3 Server\tacops\addons\dubbing_f_tacops.ebo - 129340
 0:17:17 C:\Program Files (x86)\Steam\steamapps\common\Arna 3 Servers\Arma 3 Server\tacops\addons\functions_f_tacops.ebo - 124382
 0:17:17 C:\Program Files (x86)\Steam\steamapps\common\Arna 3 Servers\Arma 3 Server\tacops\addons\languagemissions_f_tacops.ebo - 136607
 0:17:17 C:\Program Files (x86)\Steam\steamapps\common\Arna 3 Servers\Arma 3 Server\tacops\addons\language_f_tacops.ebo - 136608
 0:17:17 C:\Program Files (x86)\Steam\steamapps\common\Arna 3 Servers\Arma 3 Server\tacops\addons\missions_f_tacops.ebo - 131995
 0:17:17 C:\Program Files (x86)\Steam\steamapps\common\Arna 3 Servers\Arma 3 Server\tacops\addons\modules_f_tacops.ebo - 134940
 0:17:17 C:\Program Files (x86)\Steam\steamapps\common\Arna 3 Servers\Arma 3 Server\tacops\addons\music_f_tacops.ebo - 124064
 0:17:17 C:\Program Files (x86)\Steam\steamapps\common\Arna 3 Servers\Arma 3 Server\tacops\addons\sounds_f_tacops.ebo - 123795
 0:17:17 C:\Program Files (x86)\Steam\steamapps\common\Arna 3 Servers\Arma 3 Server\tacops\addons\ui_f_tacops.ebo - 124116
 0:17:17 C:\Program Files (x86)\Steam\steamapps\common\Arna 3 Servers\Arma 3 Server\orange\addons\air_f_orange.pbo - 132035
 0:17:17 C:\Program Files (x86)\Steam\steamapps\common\Arna 3 Servers\Arma 3 Server\orange\addons\cargoposes_f_orange.pbo - 126225
 0:17:17 C:\Program Files (x86)\Steam\steamapps\common\Arna 3 Servers\Arma 3 Server\orange\addons\characters_f_orange.pbo - 133719
 0:17:17 C:\Program Files (x86)\Steam\steamapps\common\Arna 3 Servers\Arma 3 Server\orange\addons\data_f_orange.pbo - 121095
 0:17:17 C:\Program Files (x86)\Steam\steamapps\common\Arna 3 Servers\Arma 3 Server\orange\addons\dubbing_f_orange.pbo - 121689
 0:17:17 C:\Program Files (x86)\Steam\steamapps\common\Arna 3 Servers\Arma 3 Server\orange\addons\editorpreviews_f_orange.pbo - 123173
 0:17:17 C:\Program Files (x86)\Steam\steamapps\common\Arna 3 Servers\Arma 3 Server\orange\addons\functions_f_orange.pbo - 128287
 0:17:17 C:\Program Files (x86)\Steam\steamapps\common\Arna 3 Servers\Arma 3 Server\orange\addons\languagemissions_f_orange.pbo - 136608
 0:17:17 C:\Program Files (x86)\Steam\steamapps\common\Arna 3 Servers\Arma 3 Server\orange\addons\language_f_orange.pbo - 136608
 0:17:17 C:\Program Files (x86)\Steam\steamapps\common\Arna 3 Servers\Arma 3 Server\orange\addons\missions_f_orange.pbo - 126711
 0:17:17 C:\Program Files (x86)\Steam\steamapps\common\Arna 3 Servers\Arma 3 Server\orange\addons\modules_f_orange.pbo - 119459
 0:17:17 C:\Program Files (x86)\Steam\steamapps\common\Arna 3 Servers\Arma 3 Server\orange\addons\music_f_orange.pbo - 120725
 0:17:17 C:\Program Files (x86)\Steam\steamapps\common\Arna 3 Servers\Arma 3 Server\orange\addons\props_f_orange.pbo - 129371
 0:17:17 C:\Program Files (x86)\Steam\steamapps\common\Arna 3 Servers\Arma 3 Server\orange\addons\soft_f_orange.pbo - 132239
 0:17:17 C:\Program Files (x86)\Steam\steamapps\common\Arna 3 Servers\Arma 3 Server\orange\addons\sounds_f_orange.pbo - 135584
 0:17:17 C:\Program Files (x86)\Steam\steamapps\common\Arna 3 Servers\Arma 3 Server\orange\addons\structures_f_orange.pbo - 132196
 0:17:17 C:\Program Files (x86)\Steam\steamapps\common\Arna 3 Servers\Arma 3 Server\orange\addons\supplies_f_orange.pbo - 129371
 0:17:17 C:\Program Files (x86)\Steam\steamapps\common\Arna 3 Servers\Arma 3 Server\orange\addons\ui_f_orange.pbo - 123398
 0:17:17 C:\Program Files (x86)\Steam\steamapps\common\Arna 3 Servers\Arma 3 Server\orange\addons\weapons_f_orange.pbo - 132847
 0:17:17 C:\Program Files (x86)\Steam\steamapps\common\Arna 3 Servers\Arma 3 Server\mark\addons\anims_f_mark.pbo - 119457
 0:17:17 C:\Program Files (x86)\Steam\steamapps\common\Arna 3 Servers\Arma 3 Server\mark\addons\characters_f_mark.pbo - 129739
 0:17:17 C:\Program Files (x86)\Steam\steamapps\common\Arna 3 Servers\Arma 3 Server\mark\addons\data_f_mark.pbo - 129371
 0:17:17 C:\Program Files (x86)\Steam\steamapps\common\Arna 3 Servers\Arma 3 Server\mark\addons\dubbing_f_mark.pbo - 119457
 0:17:17 C:\Program Files (x86)\Steam\steamapps\common\Arna 3 Servers\Arma 3 Server\mark\addons\dubbing_f_mp_mark.pbo - 119457
 0:17:17 C:\Program Files (x86)\Steam\steamapps\common\Arna 3 Servers\Arma 3 Server\mark\addons\functions_f_mark.pbo - 129645
 0:17:17 C:\Program Files (x86)\Steam\steamapps\common\Arna 3 Servers\Arma 3 Server\mark\addons\functions_f_mp_mark.pbo - 129434
 0:17:17 C:\Program Files (x86)\Steam\steamapps\common\Arna 3 Servers\Arma 3 Server\mark\addons\languagemissions_f_mark.pbo - 136608
 0:17:17 C:\Program Files (x86)\Steam\steamapps\common\Arna 3 Servers\Arma 3 Server\mark\addons\languagemissions_f_mp_mark.pbo - 136608
 0:17:17 C:\Program Files (x86)\Steam\steamapps\common\Arna 3 Servers\Arma 3 Server\mark\addons\language_f_mark.pbo - 136634
 0:17:17 C:\Program Files (x86)\Steam\steamapps\common\Arna 3 Servers\Arma 3 Server\mark\addons\language_f_mp_mark.pbo - 136608
 0:17:17 C:\Program Files (x86)\Steam\steamapps\common\Arna 3 Servers\Arma 3 Server\mark\addons\missions_f_mark.pbo - 122301
 0:17:17 C:\Program Files (x86)\Steam\steamapps\common\Arna 3 Servers\Arma 3 Server\mark\addons\missions_f_mark_data.pbo - 119459
 0:17:17 C:\Program Files (x86)\Steam\steamapps\common\Arna 3 Servers\Arma 3 Server\mark\addons\missions_f_mark_video.pbo - 119459
 0:17:17 C:\Program Files (x86)\Steam\steamapps\common\Arna 3 Servers\Arma 3 Server\mark\addons\missions_f_mp_mark.pbo - 119459
 0:17:17 C:\Program Files (x86)\Steam\steamapps\common\Arna 3 Servers\Arma 3 Server\mark\addons\missions_f_mp_mark_data.pbo - 119459
 0:17:17 C:\Program Files (x86)\Steam\steamapps\common\Arna 3 Servers\Arma 3 Server\mark\addons\modules_f_mark.pbo - 119459
 0:17:17 C:\Program Files (x86)\Steam\steamapps\common\Arna 3 Servers\Arma 3 Server\mark\addons\modules_f_mp_mark.pbo - 119459
 0:17:17 C:\Program Files (x86)\Steam\steamapps\common\Arna 3 Servers\Arma 3 Server\mark\addons\music_f_mark.pbo - 119477
 0:17:17 C:\Program Files (x86)\Steam\steamapps\common\Arna 3 Servers\Arma 3 Server\mark\addons\music_f_mark_music.pbo - 119477
 0:17:17 C:\Program Files (x86)\Steam\steamapps\common\Arna 3 Servers\Arma 3 Server\mark\addons\sounds_f_mark.pbo - 119478
 0:17:17 C:\Program Files (x86)\Steam\steamapps\common\Arna 3 Servers\Arma 3 Server\mark\addons\static_f_mark.pbo - 130728
 0:17:17 C:\Program Files (x86)\Steam\steamapps\common\Arna 3 Servers\Arma 3 Server\mark\addons\structures_f_mark.pbo - 123419
 0:17:17 C:\Program Files (x86)\Steam\steamapps\common\Arna 3 Servers\Arma 3 Server\mark\addons\supplies_f_mark.pbo - 129371
 0:17:17 C:\Program Files (x86)\Steam\steamapps\common\Arna 3 Servers\Arma 3 Server\mark\addons\ui_f_mark.pbo - 119478
 0:17:17 C:\Program Files (x86)\Steam\steamapps\common\Arna 3 Servers\Arma 3 Server\mark\addons\ui_f_mp_mark.pbo - 119478
 0:17:17 C:\Program Files (x86)\Steam\steamapps\common\Arna 3 Servers\Arma 3 Server\mark\addons\weapons_f_mark.pbo - 131460
 0:17:17 C:\Program Files (x86)\Steam\steamapps\common\Arna 3 Servers\Arma 3 Server\kart\addons\anims_f_kart.pbo - 123210
 0:17:17 C:\Program Files (x86)\Steam\steamapps\common\Arna 3 Servers\Arma 3 Server\kart\addons\characters_f_kart.pbo - 133719
 0:17:17 C:\Program Files (x86)\Steam\steamapps\common\Arna 3 Servers\Arma 3 Server\kart\addons\data_f_kart.pbo - 119457
 0:17:17 C:\Program Files (x86)\Steam\steamapps\common\Arna 3 Servers\Arma 3 Server\kart\addons\languagemissions_f_kart.pbo - 136607
 0:17:17 C:\Program Files (x86)\Steam\steamapps\common\Arna 3 Servers\Arma 3 Server\kart\addons\language_f_kart.pbo - 136608
 0:17:17 C:\Program Files (x86)\Steam\steamapps\common\Arna 3 Servers\Arma 3 Server\kart\addons\missions_f_kart.pbo - 119459
 0:17:17 C:\Program Files (x86)\Steam\steamapps\common\Arna 3 Servers\Arma 3 Server\kart\addons\missions_f_kart_data.pbo - 119459
 0:17:17 C:\Program Files (x86)\Steam\steamapps\common\Arna 3 Servers\Arma 3 Server\kart\addons\modules_f_kart.pbo - 128288
 0:17:17 C:\Program Files (x86)\Steam\steamapps\common\Arna 3 Servers\Arma 3 Server\kart\addons\modules_f_kart_data.pbo - 124178
 0:17:17 C:\Program Files (x86)\Steam\steamapps\common\Arna 3 Servers\Arma 3 Server\kart\addons\soft_f_kart.pbo - 132531
 0:17:17 C:\Program Files (x86)\Steam\steamapps\common\Arna 3 Servers\Arma 3 Server\kart\addons\sounds_f_kart.pbo - 125381
 0:17:17 C:\Program Files (x86)\Steam\steamapps\common\Arna 3 Servers\Arma 3 Server\kart\addons\structures_f_kart.pbo - 123419
 0:17:17 C:\Program Files (x86)\Steam\steamapps\common\Arna 3 Servers\Arma 3 Server\kart\addons\ui_f_kart.pbo - 119478
 0:17:17 C:\Program Files (x86)\Steam\steamapps\common\Arna 3 Servers\Arma 3 Server\kart\addons\weapons_f_kart.pbo - 120217
 0:17:17 C:\Program Files (x86)\Steam\steamapps\common\Arna 3 Servers\Arma 3 Server\jets\addons\air_f_jets.pbo - 132072
 0:17:17 C:\Program Files (x86)\Steam\steamapps\common\Arna 3 Servers\Arma 3 Server\jets\addons\anims_f_jets.pbo - 123210
 0:17:17 C:\Program Files (x86)\Steam\steamapps\common\Arna 3 Servers\Arma 3 Server\jets\addons\boat_f_destroyer.pbo - 132140
 0:17:17 C:\Program Files (x86)\Steam\steamapps\common\Arna 3 Servers\Arma 3 Server\jets\addons\boat_f_jets.pbo - 129607
 0:17:17 C:\Program Files (x86)\Steam\steamapps\common\Arna 3 Servers\Arma 3 Server\jets\addons\cargoposes_f_jets.pbo - 126225
 0:17:17 C:\Program Files (x86)\Steam\steamapps\common\Arna 3 Servers\Arma 3 Server\jets\addons\characters_f_jets.pbo - 129739
 0:17:17 C:\Program Files (x86)\Steam\steamapps\common\Arna 3 Servers\Arma 3 Server\jets\addons\data_f_destroyer.pbo - 132156
 0:17:17 C:\Program Files (x86)\Steam\steamapps\common\Arna 3 Servers\Arma 3 Server\jets\addons\data_f_jets.pbo - 119457
 0:17:17 C:\Program Files (x86)\Steam\steamapps\common\Arna 3 Servers\Arma 3 Server\jets\addons\data_f_sams.pbo - 132140
 0:17:17 C:\Program Files (x86)\Steam\steamapps\common\Arna 3 Servers\Arma 3 Server\jets\addons\dubbing_f_jets.pbo - 119457
 0:17:17 C:\Program Files (x86)\Steam\steamapps\common\Arna 3 Servers\Arma 3 Server\jets\addons\editorpreviews_f_destroyer.pbo - 132141
 0:17:17 C:\Program Files (x86)\Steam\steamapps\common\Arna 3 Servers\Arma 3 Server\jets\addons\editorpreviews_f_jets.pbo - 119457
 0:17:17 C:\Program Files (x86)\Steam\steamapps\common\Arna 3 Servers\Arma 3 Server\jets\addons\editorpreviews_f_sams.pbo - 132141
 0:17:17 C:\Program Files (x86)\Steam\steamapps\common\Arna 3 Servers\Arma 3 Server\jets\addons\functions_f_destroyer.pbo - 132353
 0:17:17 C:\Program Files (x86)\Steam\steamapps\common\Arna 3 Servers\Arma 3 Server\jets\addons\functions_f_jets.pbo - 119457
 0:17:17 C:\Program Files (x86)\Steam\steamapps\common\Arna 3 Servers\Arma 3 Server\jets\addons\languagemissions_f_jets.pbo - 136608
 0:17:17 C:\Program Files (x86)\Steam\steamapps\common\Arna 3 Servers\Arma 3 Server\jets\addons\language_f_destroyer.pbo - 136607
 0:17:17 C:\Program Files (x86)\Steam\steamapps\common\Arna 3 Servers\Arma 3 Server\jets\addons\language_f_jets.pbo - 136608
 0:17:17 C:\Program Files (x86)\Steam\steamapps\common\Arna 3 Servers\Arma 3 Server\jets\addons\language_f_sams.pbo - 136608
 0:17:17 C:\Program Files (x86)\Steam\steamapps\common\Arna 3 Servers\Arma 3 Server\jets\addons\missions_f_jets.pbo - 130755
 0:17:17 C:\Program Files (x86)\Steam\steamapps\common\Arna 3 Servers\Arma 3 Server\jets\addons\modules_f_jets.pbo - 119459
 0:17:17 C:\Program Files (x86)\Steam\steamapps\common\Arna 3 Servers\Arma 3 Server\jets\addons\music_f_jets.pbo - 119459
 0:17:17 C:\Program Files (x86)\Steam\steamapps\common\Arna 3 Servers\Arma 3 Server\jets\addons\props_f_destroyer.pbo - 132141
 0:17:17 C:\Program Files (x86)\Steam\steamapps\common\Arna 3 Servers\Arma 3 Server\jets\addons\props_f_jets.pbo - 129371
 0:17:17 C:\Program Files (x86)\Steam\steamapps\common\Arna 3 Servers\Arma 3 Server\jets\addons\sounds_f_jets.pbo - 119477
 0:17:17 C:\Program Files (x86)\Steam\steamapps\common\Arna 3 Servers\Arma 3 Server\jets\addons\static_f_destroyer.pbo - 136117
 0:17:17 C:\Program Files (x86)\Steam\steamapps\common\Arna 3 Servers\Arma 3 Server\jets\addons\static_f_jets.pbo - 131969
 0:17:17 C:\Program Files (x86)\Steam\steamapps\common\Arna 3 Servers\Arma 3 Server\jets\addons\static_f_sams.pbo - 133561
 0:17:17 C:\Program Files (x86)\Steam\steamapps\common\Arna 3 Servers\Arma 3 Server\jets\addons\ui_f_jets.pbo - 126137
 0:17:17 C:\Program Files (x86)\Steam\steamapps\common\Arna 3 Servers\Arma 3 Server\jets\addons\weapons_f_destroyer.pbo - 132268
 0:17:17 C:\Program Files (x86)\Steam\steamapps\common\Arna 3 Servers\Arma 3 Server\jets\addons\weapons_f_jets.pbo - 131383
 0:17:17 C:\Program Files (x86)\Steam\steamapps\common\Arna 3 Servers\Arma 3 Server\jets\addons\weapons_f_sams.pbo - 132352
 0:17:17 C:\Program Files (x86)\Steam\steamapps\common\Arna 3 Servers\Arma 3 Server\heli\addons\air_f_heli.pbo - 134954
 0:17:17 C:\Program Files (x86)\Steam\steamapps\common\Arna 3 Servers\Arma 3 Server\heli\addons\anims_f_heli.pbo - 123210
 0:17:17 C:\Program Files (x86)\Steam\steamapps\common\Arna 3 Servers\Arma 3 Server\heli\addons\boat_f_heli.pbo - 119457
 0:17:17 C:\Program Files (x86)\Steam\steamapps\common\Arna 3 Servers\Arma 3 Server\heli\addons\cargoposes_f_heli.pbo - 126231
 0:17:17 C:\Program Files (x86)\Steam\steamapps\common\Arna 3 Servers\Arma 3 Server\heli\addons\data_f_heli.pbo - 119457
 0:17:17 C:\Program Files (x86)\Steam\steamapps\common\Arna 3 Servers\Arma 3 Server\heli\addons\dubbing_f_heli.pbo - 119457
 0:17:17 C:\Program Files (x86)\Steam\steamapps\common\Arna 3 Servers\Arma 3 Server\heli\addons\functions_f_heli.pbo - 123022
 0:17:17 C:\Program Files (x86)\Steam\steamapps\common\Arna 3 Servers\Arma 3 Server\heli\addons\languagemissions_f_heli.pbo - 136608
 0:17:17 C:\Program Files (x86)\Steam\steamapps\common\Arna 3 Servers\Arma 3 Server\heli\addons\language_f_heli.pbo - 136608
 0:17:17 C:\Program Files (x86)\Steam\steamapps\common\Arna 3 Servers\Arma 3 Server\heli\addons\missions_f_heli.pbo - 129397
 0:17:17 C:\Program Files (x86)\Steam\steamapps\common\Arna 3 Servers\Arma 3 Server\heli\addons\missions_f_heli_data.pbo - 119459
 0:17:17 C:\Program Files (x86)\Steam\steamapps\common\Arna 3 Servers\Arma 3 Server\heli\addons\missions_f_heli_video.pbo - 119459
 0:17:17 C:\Program Files (x86)\Steam\steamapps\common\Arna 3 Servers\Arma 3 Server\heli\addons\modules_f_heli.pbo - 119459
 0:17:17 C:\Program Files (x86)\Steam\steamapps\common\Arna 3 Servers\Arma 3 Server\heli\addons\music_f_heli.pbo - 119477
 0:17:17 C:\Program Files (x86)\Steam\steamapps\common\Arna 3 Servers\Arma 3 Server\heli\addons\music_f_heli_music.pbo - 119477
 0:17:17 C:\Program Files (x86)\Steam\steamapps\common\Arna 3 Servers\Arma 3 Server\heli\addons\soft_f_heli.pbo - 129742
 0:17:17 C:\Program Files (x86)\Steam\steamapps\common\Arna 3 Servers\Arma 3 Server\heli\addons\sounds_f_heli.pbo - 119478
 0:17:17 C:\Program Files (x86)\Steam\steamapps\common\Arna 3 Servers\Arma 3 Server\heli\addons\structures_f_heli.pbo - 134453
 0:17:17 C:\Program Files (x86)\Steam\steamapps\common\Arna 3 Servers\Arma 3 Server\heli\addons\supplies_f_heli.pbo - 132806
 0:17:17 C:\Program Files (x86)\Steam\steamapps\common\Arna 3 Servers\Arma 3 Server\heli\addons\ui_f_heli.pbo - 119478
 0:17:17 C:\Program Files (x86)\Steam\steamapps\common\Arna 3 Servers\Arma 3 Server\curator\addons\data_f_curator.pbo - 134513
 0:17:17 C:\Program Files (x86)\Steam\steamapps\common\Arna 3 Servers\Arma 3 Server\curator\addons\data_f_curator_music.pbo - 119457
 0:17:17 C:\Program Files (x86)\Steam\steamapps\common\Arna 3 Servers\Arma 3 Server\curator\addons\functions_f_curator.pbo - 123333
 0:17:17 C:\Program Files (x86)\Steam\steamapps\common\Arna 3 Servers\Arma 3 Server\curator\addons\language_f_curator.pbo - 136608
 0:17:17 C:\Program Files (x86)\Steam\steamapps\common\Arna 3 Servers\Arma 3 Server\curator\addons\missions_f_curator.pbo - 121570
 0:17:17 C:\Program Files (x86)\Steam\steamapps\common\Arna 3 Servers\Arma 3 Server\curator\addons\modules_f_curator.pbo - 128381
 0:17:17 C:\Program Files (x86)\Steam\steamapps\common\Arna 3 Servers\Arma 3 Server\curator\addons\ui_f_curator.pbo - 130996
 0:17:17 C:\Program Files (x86)\Steam\steamapps\common\Arna 3 Servers\Arma 3 Server\argo\addons\armor_f_argo.pbo - 129739
 0:17:17 C:\Program Files (x86)\Steam\steamapps\common\Arna 3 Servers\Arma 3 Server\argo\addons\characters_f_patrol.pbo - 129998
 0:17:17 C:\Program Files (x86)\Steam\steamapps\common\Arna 3 Servers\Arma 3 Server\argo\addons\data_f_argo.pbo - 128209
 0:17:17 C:\Program Files (x86)\Steam\steamapps\common\Arna 3 Servers\Arma 3 Server\argo\addons\data_f_patrol.pbo - 121287
 0:17:17 C:\Program Files (x86)\Steam\steamapps\common\Arna 3 Servers\Arma 3 Server\argo\addons\editorpreviews_f_argo.pbo - 121102
 0:17:17 C:\Program Files (x86)\Steam\steamapps\common\Arna 3 Servers\Arma 3 Server\argo\addons\functions_f_patrol.pbo - 119457
 0:17:17 C:\Program Files (x86)\Steam\steamapps\common\Arna 3 Servers\Arma 3 Server\argo\addons\languagemissions_f_patrol.pbo - 136608
 0:17:17 C:\Program Files (x86)\Steam\steamapps\common\Arna 3 Servers\Arma 3 Server\argo\addons\language_f_argo.pbo - 136954
 0:17:17 C:\Program Files (x86)\Steam\steamapps\common\Arna 3 Servers\Arma 3 Server\argo\addons\language_f_patrol.pbo - 136608
 0:17:17 C:\Program Files (x86)\Steam\steamapps\common\Arna 3 Servers\Arma 3 Server\argo\addons\map_malden.pbo - 135888
 0:17:17 C:\Program Files (x86)\Steam\steamapps\common\Arna 3 Servers\Arma 3 Server\argo\addons\map_malden_data.pbo - 135888
 0:17:17 C:\Program Files (x86)\Steam\steamapps\common\Arna 3 Servers\Arma 3 Server\argo\addons\map_malden_data_layers.pbo - 135888
 0:17:17 C:\Program Files (x86)\Steam\steamapps\common\Arna 3 Servers\Arma 3 Server\argo\addons\map_malden_scenes_f.pbo - 120026
 0:17:17 C:\Program Files (x86)\Steam\steamapps\common\Arna 3 Servers\Arma 3 Server\argo\addons\missions_f_patrol.pbo - 126663
 0:17:17 C:\Program Files (x86)\Steam\steamapps\common\Arna 3 Servers\Arma 3 Server\argo\addons\modules_f_patrol.pbo - 119459
 0:17:17 C:\Program Files (x86)\Steam\steamapps\common\Arna 3 Servers\Arma 3 Server\argo\addons\music_f_argo.pbo - 119459
 0:17:17 C:\Program Files (x86)\Steam\steamapps\common\Arna 3 Servers\Arma 3 Server\argo\addons\props_f_argo.pbo - 129371
 0:17:17 C:\Program Files (x86)\Steam\steamapps\common\Arna 3 Servers\Arma 3 Server\argo\addons\rocks_f_argo.pbo - 123488
 0:17:17 C:\Program Files (x86)\Steam\steamapps\common\Arna 3 Servers\Arma 3 Server\argo\addons\sounds_f_patrol.pbo - 119477
 0:17:17 C:\Program Files (x86)\Steam\steamapps\common\Arna 3 Servers\Arma 3 Server\argo\addons\structures_f_argo.pbo - 128082
 0:17:17 C:\Program Files (x86)\Steam\steamapps\common\Arna 3 Servers\Arma 3 Server\argo\addons\ui_f_patrol.pbo - 119478
 0:17:17 C:\Program Files (x86)\Steam\steamapps\common\Arna 3 Servers\Arma 3 Server\argo\addons\vegetation_f_argo.pbo - 123488
 0:17:17 C:\Program Files (x86)\Steam\steamapps\common\Arna 3 Servers\Arma 3 Server\argo\addons\weapons_f_patrol.pbo - 119478
 0:17:17 C:\Program Files (x86)\Steam\steamapps\common\Arna 3 Servers\Arma 3 Server\expansion\addons\air_f_exp.pbo - 133748
 0:17:17 C:\Program Files (x86)\Steam\steamapps\common\Arna 3 Servers\Arma 3 Server\expansion\addons\anims_f_exp.pbo - 126506
 0:17:17 C:\Program Files (x86)\Steam\steamapps\common\Arna 3 Servers\Arma 3 Server\expansion\addons\armor_f_exp.pbo - 129739
 0:17:17 C:\Program Files (x86)\Steam\steamapps\common\Arna 3 Servers\Arma 3 Server\expansion\addons\boat_f_exp.pbo - 129747
 0:17:17 C:\Program Files (x86)\Steam\steamapps\common\Arna 3 Servers\Arma 3 Server\expansion\addons\cargoposes_f_exp.pbo - 126224
 0:17:17 C:\Program Files (x86)\Steam\steamapps\common\Arna 3 Servers\Arma 3 Server\expansion\addons\characters_f_exp.pbo - 136616
 0:17:17 C:\Program Files (x86)\Steam\steamapps\common\Arna 3 Servers\Arma 3 Server\expansion\addons\data_f_exp.pbo - 128203
 0:17:17 C:\Program Files (x86)\Steam\steamapps\common\Arna 3 Servers\Arma 3 Server\expansion\addons\dubbing_f_exp.pbo - 119457
 0:17:17 C:\Program Files (x86)\Steam\steamapps\common\Arna 3 Servers\Arma 3 Server\expansion\addons\dubbing_radio_f_exp.pbo - 119458
 0:17:17 C:\Program Files (x86)\Steam\steamapps\common\Arna 3 Servers\Arma 3 Server\expansion\addons\dubbing_radio_f_exp_data_chi.pbo - 119458
 0:17:17 C:\Program Files (x86)\Steam\steamapps\common\Arna 3 Servers\Arma 3 Server\expansion\addons\dubbing_radio_f_exp_data_engfre.pbo - 119457
 0:17:17 C:\Program Files (x86)\Steam\steamapps\common\Arna 3 Servers\Arma 3 Server\expansion\addons\dubbing_radio_f_exp_data_fre.pbo - 119457
 0:17:17 C:\Program Files (x86)\Steam\steamapps\common\Arna 3 Servers\Arma 3 Server\expansion\addons\editorpreviews_f_exp.pbo - 136616
 0:17:17 C:\Program Files (x86)\Steam\steamapps\common\Arna 3 Servers\Arma 3 Server\expansion\addons\functions_f_exp.pbo - 132366
 0:17:17 C:\Program Files (x86)\Steam\steamapps\common\Arna 3 Servers\Arma 3 Server\expansion\addons\languagemissions_f_exp.pbo - 136607
 0:17:17 C:\Program Files (x86)\Steam\steamapps\common\Arna 3 Servers\Arma 3 Server\expansion\addons\language_f_exp.pbo - 136607
 0:17:17 C:\Program Files (x86)\Steam\steamapps\common\Arna 3 Servers\Arma 3 Server\expansion\addons\map_data_exp.pbo - 136265
 0:17:17 C:\Program Files (x86)\Steam\steamapps\common\Arna 3 Servers\Arma 3 Server\expansion\addons\map_tanoabuka.pbo - 136265
 0:17:17 C:\Program Files (x86)\Steam\steamapps\common\Arna 3 Servers\Arma 3 Server\expansion\addons\map_tanoabuka_data.pbo - 135884
 0:17:17 C:\Program Files (x86)\Steam\steamapps\common\Arna 3 Servers\Arma 3 Server\expansion\addons\map_tanoabuka_data_layers.pbo - 121192
 0:17:17 C:\Program Files (x86)\Steam\steamapps\common\Arna 3 Servers\Arma 3 Server\expansion\addons\map_tanoabuka_data_layers_00_00.pbo - 121192
 0:17:17 C:\Program Files (x86)\Steam\steamapps\common\Arna 3 Servers\Arma 3 Server\expansion\addons\map_tanoa_scenes_f.pbo - 123527
 0:17:17 C:\Program Files (x86)\Steam\steamapps\common\Arna 3 Servers\Arma 3 Server\expansion\addons\missions_f_exp.pbo - 132366
 0:17:17 C:\Program Files (x86)\Steam\steamapps\common\Arna 3 Servers\Arma 3 Server\expansion\addons\missions_f_exp_data.pbo - 119459
 0:17:17 C:\Program Files (x86)\Steam\steamapps\common\Arna 3 Servers\Arma 3 Server\expansion\addons\missions_f_exp_video.pbo - 119459
 0:17:17 C:\Program Files (x86)\Steam\steamapps\common\Arna 3 Servers\Arma 3 Server\expansion\addons\modules_f_exp.pbo - 119459
 0:17:17 C:\Program Files (x86)\Steam\steamapps\common\Arna 3 Servers\Arma 3 Server\expansion\addons\music_f_exp.pbo - 119477
 0:17:17 C:\Program Files (x86)\Steam\steamapps\common\Arna 3 Servers\Arma 3 Server\expansion\addons\music_f_exp_music.pbo - 119477
 0:17:17 C:\Program Files (x86)\Steam\steamapps\common\Arna 3 Servers\Arma 3 Server\expansion\addons\props_f_exp.pbo - 135930
 0:17:17 C:\Program Files (x86)\Steam\steamapps\common\Arna 3 Servers\Arma 3 Server\expansion\addons\rocks_f_exp.pbo - 129683
 0:17:17 C:\Program Files (x86)\Steam\steamapps\common\Arna 3 Servers\Arma 3 Server\expansion\addons\soft_f_exp.pbo - 136527
 0:17:17 C:\Program Files (x86)\Steam\steamapps\common\Arna 3 Servers\Arma 3 Server\expansion\addons\sounds_f_exp.pbo - 131659
 0:17:17 C:\Program Files (x86)\Steam\steamapps\common\Arna 3 Servers\Arma 3 Server\expansion\addons\static_f_exp.pbo - 119478
 0:17:17 C:\Program Files (x86)\Steam\steamapps\common\Arna 3 Servers\Arma 3 Server\expansion\addons\structures_f_exp.pbo - 133054
 0:17:17 C:\Program Files (x86)\Steam\steamapps\common\Arna 3 Servers\Arma 3 Server\expansion\addons\structures_f_exp_civilian.pbo - 133663
 0:17:17 C:\Program Files (x86)\Steam\steamapps\common\Arna 3 Servers\Arma 3 Server\expansion\addons\structures_f_exp_commercial.pbo - 136202
 0:17:17 C:\Program Files (x86)\Steam\steamapps\common\Arna 3 Servers\Arma 3 Server\expansion\addons\structures_f_exp_cultural.pbo - 136265
 0:17:17 C:\Program Files (x86)\Steam\steamapps\common\Arna 3 Servers\Arma 3 Server\expansion\addons\structures_f_exp_data.pbo - 133427
 0:17:17 C:\Program Files (x86)\Steam\steamapps\common\Arna 3 Servers\Arma 3 Server\expansion\addons\structures_f_exp_industrial.pbo - 132886
 0:17:17 C:\Program Files (x86)\Steam\steamapps\common\Arna 3 Servers\Arma 3 Server\expansion\addons\structures_f_exp_infrastructure.pbo - 134367
 0:17:17 C:\Program Files (x86)\Steam\steamapps\common\Arna 3 Servers\Arma 3 Server\expansion\addons\supplies_f_exp.pbo - 129371
 0:17:17 C:\Program Files (x86)\Steam\steamapps\common\Arna 3 Servers\Arma 3 Server\expansion\addons\ui_f_exp.pbo - 123398
 0:17:17 C:\Program Files (x86)\Steam\steamapps\common\Arna 3 Servers\Arma 3 Server\expansion\addons\vegetation_f_exp.pbo - 135745
 0:17:17 C:\Program Files (x86)\Steam\steamapps\common\Arna 3 Servers\Arma 3 Server\expansion\addons\weapons_f_exp.pbo - 136739
 0:17:17 addons\3den.pbo - 136221
 0:17:17 addons\3den_language.pbo - 136608
 0:17:17 addons\a3.pbo - unknown
 0:17:17 addons\air_f.pbo - 135631
 0:17:17 addons\air_f_beta.pbo - 133761
 0:17:17 addons\air_f_epb.pbo - 132034
 0:17:17 addons\air_f_epc.pbo - 129848
 0:17:17 addons\air_f_gamma.pbo - 130580
 0:17:17 addons\animals_f.pbo - 135988
 0:17:17 addons\animals_f_beta.pbo - 123208
 0:17:17 addons\anims_f.pbo - 135988
 0:17:17 addons\anims_f_bootcamp.pbo - 123209
 0:17:17 addons\anims_f_data.pbo - 127133
 0:17:17 addons\anims_f_epa.pbo - 134499
 0:17:17 addons\anims_f_epc.pbo - 121358
 0:17:17 addons\anims_f_exp_a.pbo - 123209
 0:17:17 addons\anims_f_mod.pbo - 135280
 0:17:17 addons\armor_f.pbo - 129739
 0:17:17 addons\armor_f_beta.pbo - 135660
 0:17:17 addons\armor_f_epb.pbo - 135660
 0:17:17 addons\armor_f_epc.pbo - 135661
 0:17:17 addons\armor_f_gamma.pbo - 135661
 0:17:17 addons\baseconfig_f.pbo - 119457
 0:17:17 addons\boat_f.pbo - 132036
 0:17:17 addons\boat_f_beta.pbo - 132036
 0:17:17 addons\boat_f_epc.pbo - 131911
 0:17:17 addons\boat_f_gamma.pbo - 127529
 0:17:17 addons\cargoposes_f.pbo - 128420
 0:17:17 addons\characters_f.pbo - 136640
 0:17:17 addons\characters_f_beta.pbo - 133719
 0:17:17 addons\characters_f_bootcamp.pbo - 133719
 0:17:17 addons\characters_f_epa.pbo - 133719
 0:17:17 addons\characters_f_epb.pbo - 133719
 0:17:17 addons\characters_f_epc.pbo - 133719
 0:17:17 addons\characters_f_gamma.pbo - 133719
 0:17:17 addons\data_f.pbo - 136108
 0:17:17 addons\data_f_bootcamp.pbo - 129618
 0:17:17 addons\data_f_exp_a.pbo - 119457
 0:17:17 addons\data_f_exp_b.pbo - 119457
 0:17:17 addons\data_f_mod.pbo - 131534
 0:17:17 addons\data_f_warlords.pbo - 135843
 0:17:17 addons\drones_f.pbo - 132036
 0:17:17 addons\dubbing_f.pbo - 119457
 0:17:17 addons\dubbing_f_beta.pbo - 119457
 0:17:17 addons\dubbing_f_bootcamp.pbo - 119457
 0:17:17 addons\dubbing_f_epa.pbo - 119457
 0:17:17 addons\dubbing_f_epb.pbo - 119457
 0:17:17 addons\dubbing_f_epc.pbo - 119457
 0:17:17 addons\dubbing_f_gamma.pbo - 122449
 0:17:17 addons\dubbing_f_warlords.pbo - 136700
 0:17:17 addons\dubbing_radio_f.pbo - 119457
 0:17:17 addons\dubbing_radio_f_data_eng.pbo - 119457
 0:17:17 addons\dubbing_radio_f_data_engb.pbo - 119458
 0:17:17 addons\dubbing_radio_f_data_gre.pbo - 119458
 0:17:17 addons\dubbing_radio_f_data_per.pbo - 119458
 0:17:17 addons\dubbing_radio_f_data_vr.pbo - 119458
 0:17:17 addons\editorpreviews_f.pbo - 136616
 0:17:17 addons\editor_f.pbo - 121103
 0:17:17 addons\functions_f.pbo - 137107
 0:17:17 addons\functions_f_bootcamp.pbo - 129770
 0:17:17 addons\functions_f_epa.pbo - 119458
 0:17:17 addons\functions_f_epc.pbo - 119458
 0:17:17 addons\functions_f_exp_a.pbo - 122619
 0:17:17 addons\functions_f_warlords.pbo - 137634
 0:17:17 addons\languagemissions_f.pbo - 136607
 0:17:17 addons\languagemissions_f_beta.pbo - 136607
 0:17:17 addons\languagemissions_f_bootcamp.pbo - 136608
 0:17:17 addons\languagemissions_f_epa.pbo - 136607
 0:17:17 addons\languagemissions_f_epb.pbo - 136607
 0:17:17 addons\languagemissions_f_epc.pbo - 136607
 0:17:17 addons\languagemissions_f_exp_a.pbo - 136608
 0:17:17 addons\languagemissions_f_gamma.pbo - 136608
 0:17:17 addons\language_f.pbo - 136608
 0:17:17 addons\language_f_beta.pbo - 136608
 0:17:17 addons\language_f_bootcamp.pbo - 136608
 0:17:17 addons\language_f_epa.pbo - 136607
 0:17:17 addons\language_f_epb.pbo - 136608
 0:17:17 addons\language_f_epc.pbo - 136607
 0:17:17 addons\language_f_exp_a.pbo - 136607
 0:17:17 addons\language_f_exp_b.pbo - 136607
 0:17:17 addons\language_f_gamma.pbo - 136608
 0:17:17 addons\language_f_mod.pbo - 136608
 0:17:17 addons\language_f_warlords.pbo - 136955
 0:17:17 addons\map_altis.pbo - 135915
 0:17:17 addons\map_altis_data.pbo - 135904
 0:17:17 addons\map_altis_data_layers.pbo - 135913
 0:17:17 addons\map_altis_data_layers_00_00.pbo - 0000
 0:17:17 addons\map_altis_data_layers_00_01.pbo - 0000
 0:17:17 addons\map_altis_data_layers_01_00.pbo - 0000
 0:17:17 addons\map_altis_data_layers_01_01.pbo - 0000
 0:17:17 addons\map_altis_scenes_f.pbo - 119459
 0:17:17 addons\map_data.pbo - 134124
 0:17:17 addons\map_stratis.pbo - 135888
 0:17:17 addons\map_stratis_data.pbo - 135888
 0:17:17 addons\map_stratis_data_layers.pbo - 135888
 0:17:17 addons\map_stratis_scenes_f.pbo - 119459
 0:17:17 addons\map_vr.pbo - 135900
 0:17:17 addons\map_vr_scenes_f.pbo - 119459
 0:17:17 addons\misc_f.pbo - 119459
 0:17:17 addons\missions_f.pbo - 129735
 0:17:17 addons\missions_f_beta.pbo - 122470
 0:17:17 addons\missions_f_beta_data.pbo - 119459
 0:17:17 addons\missions_f_beta_video.pbo - 119459
 0:17:17 addons\missions_f_bootcamp.pbo - 129645
 0:17:17 addons\missions_f_bootcamp_data.pbo - 119459
 0:17:17 addons\missions_f_bootcamp_video.pbo - 119459
 0:17:17 addons\missions_f_data.pbo - 119459
 0:17:17 addons\missions_f_epa.pbo - 132519
 0:17:17 addons\missions_f_epa_data.pbo - 119459
 0:17:17 addons\missions_f_epa_video.pbo - 119459
 0:17:17 addons\missions_f_epb.pbo - 119459
 0:17:17 addons\missions_f_epc.pbo - 119459
 0:17:17 addons\missions_f_exp_a.pbo - 121496
 0:17:17 addons\missions_f_exp_a_data.pbo - 119459
 0:17:17 addons\missions_f_gamma.pbo - 133233
 0:17:17 addons\missions_f_gamma_data.pbo - 119459
 0:17:17 addons\missions_f_gamma_video.pbo - 119459
 0:17:17 addons\missions_f_video.pbo - 119459
 0:17:17 addons\missions_f_warlords.pbo - 137544
 0:17:17 addons\modules_f.pbo - 124453
 0:17:17 addons\modules_f_beta.pbo - 119459
 0:17:17 addons\modules_f_beta_data.pbo - 119459
 0:17:17 addons\modules_f_bootcamp.pbo - 119459
 0:17:17 addons\modules_f_data.pbo - 122470
 0:17:17 addons\modules_f_epb.pbo - 134655
 0:17:17 addons\modules_f_exp_a.pbo - 119459
 0:17:17 addons\modules_f_warlords.pbo - 136703
 0:17:17 addons\music_f.pbo - 119459
 0:17:17 addons\music_f_bootcamp.pbo - 119459
 0:17:17 addons\music_f_bootcamp_music.pbo - 119459
 0:17:17 addons\music_f_epa.pbo - 119459
 0:17:17 addons\music_f_epa_music.pbo - 119459
 0:17:17 addons\music_f_epb.pbo - 119459
 0:17:17 addons\music_f_epb_music.pbo - 119459
 0:17:17 addons\music_f_epc.pbo - 119459
 0:17:17 addons\music_f_epc_music.pbo - 119477
 0:17:17 addons\music_f_music.pbo - 119477
 0:17:17 addons\plants_f.pbo - 126807
 0:17:17 addons\props_f_exp_a.pbo - 129371
 0:17:17 addons\roads_f.pbo - 127271
 0:17:17 addons\rocks_f.pbo - 127271
 0:17:17 addons\signs_f.pbo - 136481
 0:17:17 addons\soft_f.pbo - 133870
 0:17:17 addons\soft_f_beta.pbo - 133871
 0:17:17 addons\soft_f_bootcamp.pbo - 129739
 0:17:17 addons\soft_f_epc.pbo - 136818
 0:17:17 addons\soft_f_gamma.pbo - 135248
 0:17:17 addons\sounds_f.pbo - 136618
 0:17:17 addons\sounds_f_arsenal.pbo - 127887
 0:17:17 addons\sounds_f_bootcamp.pbo - 119477
 0:17:17 addons\sounds_f_characters.pbo - 133117
 0:17:17 addons\sounds_f_environment.pbo - 120046
 0:17:17 addons\sounds_f_epb.pbo - 126923
 0:17:17 addons\sounds_f_epc.pbo - 125380
 0:17:17 addons\sounds_f_exp_a.pbo - 119477
 0:17:17 addons\sounds_f_mod.pbo - 131534
 0:17:17 addons\sounds_f_sfx.pbo - 119477
 0:17:17 addons\sounds_f_vehicles.pbo - 128448
 0:17:17 addons\static_f.pbo - 132364
 0:17:17 addons\static_f_beta.pbo - 132365
 0:17:17 addons\static_f_gamma.pbo - 122615
 0:17:17 addons\structures_f.pbo - 136213
 0:17:17 addons\structures_f_bootcamp.pbo - 123488
 0:17:17 addons\structures_f_data.pbo - 130046
 0:17:17 addons\structures_f_epa.pbo - 135441
 0:17:17 addons\structures_f_epb.pbo - 126137
 0:17:17 addons\structures_f_epc.pbo - 123407
 0:17:17 addons\structures_f_exp_a.pbo - 132665
 0:17:17 addons\structures_f_households.pbo - 129369
 0:17:17 addons\structures_f_ind.pbo - 136213
 0:17:17 addons\structures_f_mil.pbo - 135984
 0:17:17 addons\structures_f_wrecks.pbo - 129371
 0:17:17 addons\uifonts_f.pbo - 119478
 0:17:17 addons\uifonts_f_data.pbo - 128439
 0:17:17 addons\ui_f.pbo - 136109
 0:17:17 addons\ui_f_bootcamp.pbo - 119478
 0:17:17 addons\ui_f_data.pbo - 135221
 0:17:17 addons\ui_f_exp_a.pbo - 119478
 0:17:17 addons\weapons_f.pbo - 136759
 0:17:17 addons\weapons_f_beta.pbo - 133007
 0:17:17 addons\weapons_f_bootcamp.pbo - 124358
 0:17:17 addons\weapons_f_epa.pbo - 124514
 0:17:17 addons\weapons_f_epb.pbo - 124216
 0:17:17 addons\weapons_f_epc.pbo - 130416
 0:17:17 addons\weapons_f_gamma.pbo - 120217
 0:17:17 addons\weapons_f_mod.pbo - 136854
 0:17:17 
 0:17:17 =======================
 0:17:17 
 0:17:19 ============================================================================================= List of mods ===============================================================================================
 0:17:19 modsReadOnly = true
 0:17:19 safeModsActivated = false
 0:17:19 customMods = true
 0:17:19 hash = 'D93D54D69FC6063EDF9377A52CAFC0CEE1D1E63C'
 0:17:19 hashShort = '3fd09046'
 0:17:19                                               name |               modDir |    default |               origin |                                     hash | hashShort | fullPath
 0:17:19 ----------------------------------------------------------------------------------------------------------------------------------------------------------------------------------------------------------
 0:17:19                                       @infiSTAR_A3 |         @infiSTAR_A3 |      false |             GAME DIR | 4b0a09165e1b007e61436763cced4fdb8f4fbf35 |  cf240671 | C:\Program Files (x86)\Steam\steamapps\common\Arna 3 Servers\Arma 3 Server\@infiSTAR_A3
 0:17:19                                       @life_server |         @life_server |      false |             GAME DIR | 92429ef1d001fb5447328c3992fb367223ba7e86 |  14203138 | C:\Program Files (x86)\Steam\steamapps\common\Arna 3 Servers\Arma 3 Server\@life_server
 0:17:19                                            @extDB3 |              @extDB3 |      false |             GAME DIR | fc2fba11513d2d95850f3dedcc1df4465c19283e |  5518e4df | C:\Program Files (x86)\Steam\steamapps\common\Arna 3 Servers\Arma 3 Server\@extDB3
 0:17:19                                       Arma 3 Tanks |                 tank |       true |             GAME DIR | 1687d1a28082a88df48d9a56f2f39bd547c059c4 |  df9a305a | C:\Program Files (x86)\Steam\steamapps\common\Arna 3 Servers\Arma 3 Server\tank
 0:17:19                                     Arma 3 Tac-Ops |               tacops |       true |             GAME DIR | 681413cb6415a601f1e0728a6c25720be3d49ae4 |  e5ebfd02 | C:\Program Files (x86)\Steam\steamapps\common\Arna 3 Servers\Arma 3 Server\tacops
 0:17:19                                 Arma 3 Laws of War |               orange |       true |             GAME DIR | 6e8274be7b769cfd0472e7a3034f95f80492ce83 |  eaa5b563 | C:\Program Files (x86)\Steam\steamapps\common\Arna 3 Servers\Arma 3 Server\orange
 0:17:19                                    Arma 3 Marksmen |                 mark |       true |             GAME DIR | 8a4f6eb4dc1c96b47ea37bc1bafbe161df71dc93 |  267c31c4 | C:\Program Files (x86)\Steam\steamapps\common\Arna 3 Servers\Arma 3 Server\mark
 0:17:19                                       Arma 3 Karts |                 kart |       true |             GAME DIR | 6b1e56eed8f1e8bf598576c32be2f440eda5bf1f |  5e2d7aba | C:\Program Files (x86)\Steam\steamapps\common\Arna 3 Servers\Arma 3 Server\kart
 0:17:19                                        Arma 3 Jets |                 jets |       true |             GAME DIR | 7483cc52ff5decc7a262a40353703f75663c70c2 |  5e99a6c1 | C:\Program Files (x86)\Steam\steamapps\common\Arna 3 Servers\Arma 3 Server\jets
 0:17:19                                 Arma 3 Helicopters |                 heli |       true |             GAME DIR | 0d9b4822c62634ca9dac79f18f6efab669971211 |  3473e417 | C:\Program Files (x86)\Steam\steamapps\common\Arna 3 Servers\Arma 3 Server\heli
 0:17:19                                        Arma 3 Zeus |              curator |       true |             GAME DIR | bc4789f5b4e1fc0cff757c153778678b2489d718 |  eaf13475 | C:\Program Files (x86)\Steam\steamapps\common\Arna 3 Servers\Arma 3 Server\curator
 0:17:19                                      Arma 3 Malden |                 argo |       true |             GAME DIR | adc7fbd43eabf6acc97aef5f87b2b5e3f2b33b08 |  f784a4d6 | C:\Program Files (x86)\Steam\steamapps\common\Arna 3 Servers\Arma 3 Server\argo
 0:17:19                                Arma 3 DLC Bundle 2 |           dlcbundle2 |       true |            NOT FOUND |                                          |           | 
 0:17:19                                Arma 3 DLC Bundle 1 |            dlcbundle |       true |            NOT FOUND |                                          |           | 
 0:17:19                                        Arma 3 Apex |            expansion |       true |             GAME DIR | 559a5cf8309fee9d3297b17f481dd23d0e7c1cdb |  578970e7 | C:\Program Files (x86)\Steam\steamapps\common\Arna 3 Servers\Arma 3 Server\expansion
 0:17:19                                             Arma 3 |                   A3 |       true |            NOT FOUND |                                          |           | 
 0:17:19 ==========================================================================================================================================================================================================
 0:17:19 InitSound ...
 0:17:19 InitSound - complete
 0:17:19 PhysX3 SDK Init started ...
 0:17:19 PhysX3 SDK Init ended.
 0:17:23 core\skyobject\skyobject.p3d: No geometry and no visual shape
 0:17:23 a3\data_f\krater.p3d: No geometry and no visual shape
 0:17:23 a3\data_f\koule.p3d: No geometry and no visual shape
 0:17:23 Warning Message: You cannot play/edit this mission; it is dependent on downloadable content that has been deleted.
a3_characters_f
 0:17:23 Loading movesType CfgGesturesMale
 0:17:23 Animation a3\anims_f\data\anim\sdr\gst\gestureempty.rtm not found or empty
 0:17:24 MovesType CfgGesturesMale load time 188 ms
 0:17:24 Loading movesType CfgMovesMaleSdr
 0:17:32 MovesType CfgMovesMaleSdr load time 8081 ms
 0:17:32 a3\characters_f\proxies\flag.p3d: No geometry and no visual shape
 0:17:32 VoteThreshold must be in 0..1 range. Defaulting to 0.5
Initializing Steam server - Game Port: 2302, Steam Query Port: 2303
Steam AppId in current environment: 107410
Connected to Steam servers
Unsupported language English in stringtable
Unsupported language English in stringtable
BEServer: cannot find channel #1511348191, users.card=0
BEServer: cannot find channel #1511348191, users.card=0
BEServer: registering a new player #1511348191
Server error: Player without identity Aquaman (id 1511348191)
Server error: Player without identity Aquaman (id 1511348191)
Server error: Player without identity Aquaman (id 1511348191)
Server error: Player without identity Aquaman (id 1511348191)
Server error: Player without identity Aquaman (id 1511348191)
Server error: Player without identity Aquaman (id 1511348191)
Server error: Player without identity Aquaman (id 1511348191)
Server error: Player without identity Aquaman (id 1511348191)
Server error: Player without identity Aquaman (id 1511348191)
Server error: Player without identity Aquaman (id 1511348191)
Server error: Player without identity Aquaman (id 1511348191)
Server error: Player without identity Aquaman (id 1511348191)
Server error: Player without identity Aquaman (id 1511348191)
Server error: Player without identity Aquaman (id 1511348191)
Server error: Player without identity Aquaman (id 1511348191)
Server error: Player without identity Aquaman (id 1511348191)
Server error: Player without identity Aquaman (id 1511348191)
Server error: Player without identity Aquaman (id 1511348191)
Server error: Player without identity Aquaman (id 1511348191)
Server error: Player without identity Aquaman (id 1511348191)
Server error: Player without identity Aquaman (id 1511348191)
Server error: Player without identity Aquaman (id 1511348191)
Starting mission:
 Mission file: Altis_Life (__cur_mp)
 Mission world: Altis
 Mission directory: mpmissions\__cur_mp.Altis\
a3\data_f\blesk1.p3d: No geometry and no visual shape
a3\data_f\blesk2.p3d: No geometry and no visual shape
a3\data_f\raindrop.p3d: No geometry and no visual shape
a3\map_stratis\data\obloha.p3d: No geometry and no visual shape
a3\data_f\stars.p3d: No geometry and no visual shape
a3\map_stratis\data\horizont.p3d: No geometry and no visual shape
a3\data_f\rainbow.p3d: No geometry and no visual shape
Strange convex component202 in a3\structures_f\households\house_small01\d_house_small_01_v1_f.p3d:geometryView
Strange convex component203 in a3\structures_f\households\house_small01\d_house_small_01_v1_f.p3d:geometryView
Strange convex component145 in a3\plants_f\tree\t_pinuss2s_b_f.p3d:geometryView
Strange convex component149 in a3\plants_f\tree\t_pinuss2s_b_f.p3d:geometryView
Strange convex component65 in a3\rocks_f\sharp\sharprock_wallh.p3d:geometryFire
Strange convex component06 in a3\rocks_f\sharp\sharprock_monolith.p3d:geometryFire
Strange convex component18 in a3\rocks_f\sharp\sharprock_monolith.p3d:geometryFire
Strange convex component30 in a3\rocks_f\sharp\sharprock_monolith.p3d:geometryFire
Strange convex component31 in a3\rocks_f\sharp\sharprock_monolith.p3d:geometryFire
Strange convex component32 in a3\rocks_f\sharp\sharprock_monolith.p3d:geometryFire
Strange convex component42 in a3\rocks_f\sharp\sharprock_monolith.p3d:geometryFire
Strange convex component43 in a3\rocks_f\sharp\sharprock_monolith.p3d:geometryFire
Strange convex component44 in a3\rocks_f\sharp\sharprock_monolith.p3d:geometryFire
Strange convex component46 in a3\rocks_f\sharp\sharprock_monolith.p3d:geometryFire
Strange convex component58 in a3\rocks_f\sharp\sharprock_monolith.p3d:geometryFire
Strange convex component64 in a3\rocks_f\sharp\sharprock_monolith.p3d:geometryFire
Strange convex component76 in a3\rocks_f\sharp\sharprock_monolith.p3d:geometryFire
Strange convex component98 in a3\rocks_f\sharp\sharprock_monolith.p3d:geometryFire
Strange convex component100 in a3\rocks_f\sharp\sharprock_monolith.p3d:geometryFire
Strange convex component132 in a3\rocks_f\sharp\sharprock_monolith.p3d:geometryFire
Strange convex component145 in a3\rocks_f\sharp\sharprock_monolith.p3d:geometryFire
Strange convex component149 in a3\rocks_f\sharp\sharprock_monolith.p3d:geometryFire
Strange convex component151 in a3\rocks_f\sharp\sharprock_monolith.p3d:geometryFire
Strange convex component167 in a3\rocks_f\sharp\sharprock_monolith.p3d:geometryFire
Strange convex component198 in a3\rocks_f\sharp\sharprock_monolith.p3d:geometryFire
Strange convex component244 in a3\rocks_f\sharp\sharprock_monolith.p3d:geometryFire
Strange convex component304 in a3\rocks_f\sharp\sharprock_monolith.p3d:geometryFire
Strange convex component310 in a3\rocks_f\sharp\sharprock_monolith.p3d:geometryFire
Strange convex component337 in a3\rocks_f\sharp\sharprock_monolith.p3d:geometryFire
Strange convex component353 in a3\rocks_f\sharp\sharprock_monolith.p3d:geometryFire
Strange convex component378 in a3\rocks_f\sharp\sharprock_monolith.p3d:geometryFire
Strange convex component05 in a3\rocks_f\sharp\sharprock_spike.p3d:geometryFire
Strange convex component74 in a3\rocks_f\sharp\sharprock_spike.p3d:geometryFire
Strange convex component202 in a3\rocks_f\sharp\sharprock_spike.p3d:geometryFire
Strange convex component391 in a3\rocks_f\sharp\sharprock_spike.p3d:geometryFire
"---------------------------------------------------------------------"
"---------------------------------------------------------------------"
CallExtension loaded: extDB3 (C:\Program Files (x86)\Steam\steamapps\common\Arna 3 Servers\Arma 3 Server\@extDB3\extDB3_x64.dll) [ÏXºþEW]

"extDB3 Loaded"
"---------------------------------------------------------------------"
"---------------------------------------------------------------------"
a3\structures_f\mil\flags\flag_f.p3d: No geometry and no visual shape
a3\weapons_f\binocular\nvg_proxy.p3d: No geometry and no visual shape
a3\weapons_f\binocular\nvg_proxy_opfor.p3d: No geometry and no visual shape
a3\weapons_f\binocular\nvg_proxy_opfor.p3d: No geometry and no visual shape
a3\weapons_f\binocular\nvg_proxy_off_opfor.p3d: No geometry and no visual shape
No speaker given for 'Ali Ngige'
a3\characters_f_beta\heads\glasses\g_shades_green.p3d: No geometry and no visual shape
No speaker given for 'Ali Okonkwo'
a3\characters_f_gamma\heads\glasses\g_aviators.p3d: No geometry and no visual shape
No speaker given for 'Dixon Walker'
a3\characters_f_beta\heads\glasses\g_shades_red.p3d: No geometry and no visual shape
No speaker given for 'Hamidi Azikiwe'
No speaker given for 'Hu Chang'
soldier[B_diver_F]:Some of magazines weren't stored in soldier Vest or Uniform?
No speaker given for 'Tavish Anderson'
No speaker given for 'Donald Warren'
No speaker given for 'Mike Thompson'
No speaker given for 'Spencer Bennett'
a3\characters_f\heads\glasses\g_shades_black.p3d: No geometry and no visual shape
No speaker given for 'Muhammad Okeke'
No speaker given for 'Mike White'
No speaker given for 'Connor Hill'
No speaker given for 'Kyle Young'
No speaker given for 'Dong Yeung'
No speaker given for 'Lu Chen'
No speaker given for 'Samuel Newton'
No speaker given for 'Luke O'Sullivan'
No speaker given for 'Jamie Taylor'
a3\characters_f\heads\glasses\g_shades_blue.p3d: No geometry and no visual shape
No speaker given for 'Lu Kung'
No speaker given for 'Archie Conrad'
No speaker given for 'Matthew White'
No speaker given for 'Oliver Clark'
soldier[B_diver_F]:Some of magazines weren't stored in soldier Vest or Uniform?
No speaker given for 'Max Jones'
No speaker given for 'Katungi Sesse-Seko'
No speaker given for 'Jake Anderson'
No speaker given for 'Dwan Smith'
No speaker given for 'Greer Nelson'
No speaker given for 'Keith Harris'
No speaker given for 'Greer Moore'
Wrong vertex mapping for person collision geometry found in a3\characters_f_epc\civil\c_nikos_aged.p3d. Selection 1c not found
Wrong vertex mapping for person collision geometry found in a3\characters_f_epc\civil\c_nikos_aged.p3d. Selection 2c not found
Wrong vertex mapping for person collision geometry found in a3\characters_f_epc\civil\c_nikos_aged.p3d. Selection 3c not found
Wrong vertex mapping for person collision geometry found in a3\characters_f_epc\civil\c_nikos_aged.p3d. Selection 4c not found
Wrong vertex mapping for person collision geometry found in a3\characters_f_epc\civil\c_nikos_aged.p3d. Selection 5c not found
Wrong vertex mapping for person collision geometry found in a3\characters_f_epc\civil\c_nikos_aged.p3d. Selection 6c not found
Wrong vertex mapping for person collision geometry found in a3\characters_f_epc\civil\c_nikos_aged.p3d. Selection 7c not found
Wrong vertex mapping for person collision geometry found in a3\characters_f_epc\civil\c_nikos_aged.p3d. Selection 8c not found
Wrong geometry convex component mapping  for person collision geometry found in a3\characters_f_epc\civil\c_nikos_aged.p3d. Convex component number 3. not found
No speaker given for 'Evangelos Costas'
No speaker given for 'Vasilis Karmanlis'
No speaker given for 'Evripidis Karmanlis'
No speaker given for 'Michalis Mastori'
No speaker given for 'Vasilis Zenon'
No speaker given for 'Kouris Manelia'
No speaker given for 'Angelos Nicolau'
No speaker given for 'Michalis Petridis'
No speaker given for 'Samaras Athanasiadis'
No speaker given for 'Biton Christou'
No speaker given for 'Fotini Dimitriadis'
No speaker given for 'Militiadis Manelia'
No speaker given for 'Sotiris Gikas'
No speaker given for 'Thanos Kammenou'
No speaker given for 'Sotiris Stanis'
No speaker given for 'Evripidis Manetta'
No speaker given for 'Nicolo Nicolau'
No speaker given for 'Costa Stanis'
No speaker given for 'Militiadis Papadopoulos'
No speaker given for 'Thamos Malas'
No speaker given for 'Panos Ioannou'
No speaker given for 'Thanos Ioannou'
No speaker given for 'Vasilis Elias'
No speaker given for 'Gamba Achebe'
Strange convex component116 in a3\rocks_f\sharp\sharprock_apart.p3d:geometryFire
Strange convex component117 in a3\rocks_f\sharp\sharprock_apart.p3d:geometryFire
Strange convex component118 in a3\rocks_f\sharp\sharprock_apart.p3d:geometryFire
Strange convex component119 in a3\rocks_f\sharp\sharprock_apart.p3d:geometryFire
CallExtension loaded: updatearmalog (C:\Program Files (x86)\Steam\steamapps\common\Arna 3 Servers\Arma 3 Server\@infiSTAR_A3\updatearmalog_x64.dll) [] []

"<infiSTAR.de> updatearmalog callExtension: [14.01.2019][00:18:14] Failed to update armalog_x64.dll"
Error: Object(2 : 662) not found
c:\bis\source\stable\futura\lib\network\networkserver.cpp NetworkServer::OnClientStateChanged:NOT IMPLEMENTED - briefing!
CallExtension loaded: armalog (C:\Program Files (x86)\Steam\steamapps\common\Arna 3 Servers\Arma 3 Server\@infiSTAR_A3\armalog_x64.dll) [1.2.5.9] [1.2.5.9]

Attempt to override final function - bis_fnc_storeparamsvalues_data
"<infiSTAR.de> infiSTAR dll loaded successfully"
"<infiSTAR.de> NMD | Dan"
"<infiSTAR.de> ok"
"<infiSTAR.de> Loading infiSTAR code.."
"<infiSTAR.de> 0 - run.sqf - including AntiHack"
"<infiSTAR.de> VERSION: infiSTAR.de 14-01-2019 00-41-21 (v259)"
"<infiSTAR.de> 0 - STARTING"
"<infiSTAR.de> 0 - TESTING IF serverCommandPassword IS SET PROPERLY"
"<infiSTAR.de> 0 - serverCommandPassword IS FINE"
"<infiSTAR.de>RANDOMVAR| <infiSTAR.de> _fnc_RandomGen: {
_fnc_actualGen = {
_abc = ['z','y','x','w','v','u','t','s','r','q','p','o','n','m','l','k','j','i','h','g','f','e','d','c','b','a'];
_gen = _abc select (random ((count _abc)-1));
_arr = ['a','c','b','7','6','e','4','6','c','8','3','d','b','5','e','8','f','e','2','6','e','4','7','6','f','1','1','7','8','7','6','b','d'];
_randmax = {((round(random _randminval)) + (round(random _randmaxval))) max _randminval};
for '_i' from 0 to (call _randmax)do
{
_gen = _gen + str(round(random 9)) + (_arr select (random ((count _arr)-1)));
};
};
_gen = '';
while{_gen=='' || _gen in _allRandomGenVars}do{
call _fnc_actualGen;
};
_allRandomGenVars pushBack _gen;
_gen
}   [14-01-2019 00-41-21 - v259]"
Wrong init state
Successfull attempt to execute serverCommand '#exec users' by server.
"<infiSTAR.de>RANDOMVAR| ----START-LINE----   (14-01-2019 00-41-21 - v259)   [14-01-2019 00-41-21 - v259]"
"<infiSTAR.de>RANDOMVAR| _adminbox: d16367d38585e8f87   [14-01-2019 00-41-21 - v259]"
"<infiSTAR.de>RANDOMVAR| _fnc_mpPackets: x3671162766210e8618062e61643e681f3e6b4f   [14-01-2019 00-41-21 - v259]"
"<infiSTAR.de>RANDOMVAR| _FNC_AH_KICKLOG: j744f365d86765e4b   [14-01-2019 00-41-21 - v259]"
"<infiSTAR.de>RANDOMVAR| _FNC_AH_KICKLOGSPAWN: n58542b9b113e3631861d2668174b36   [14-01-2019 00-41-21 - v259]"
"<infiSTAR.de>RANDOMVAR| _FNC_PVAH_AdminReq: w1b675281985f563788784c7b318b06   [14-01-2019 00-41-21 - v259]"
"<infiSTAR.de>RANDOMVAR| _token_by_uid: t674e12412d2485974e18167f6c76662b172c   [14-01-2019 00-41-21 - v259]"
"<infiSTAR.de>RANDOMVAR| _uid_by_token: h2e97961f52466626776a17760806565f   [14-01-2019 00-41-21 - v259]"
"<infiSTAR.de>RANDOMVAR| _server_setTokenR: s8756575d265d2d38   [14-01-2019 00-41-21 - v259]"
"<infiSTAR.de>RANDOMVAR| _YourPlayerToken: u18379f6b881764865648357e48   [14-01-2019 00-41-21 - v259]"
"<infiSTAR.de>RANDOMVAR| _TokenCT: x5185471e5e579687   [14-01-2019 00-41-21 - v259]"
"<infiSTAR.de>RANDOMVAR| _AH_MAIN_BLOCK: o7c872b1b6c76566f   [14-01-2019 00-41-21 - v259]"
"<infiSTAR.de>RANDOMVAR| _AHKickOFF: e85382f9b165f7106   [14-01-2019 00-41-21 - v259]"
"<infiSTAR.de>RANDOMVAR| _AHKickLog: q9651057e737e215b05848d8c8c   [14-01-2019 00-41-21 - v259]"
"<infiSTAR.de>RANDOMVAR| _clientdo: x6c1f610734384401583b   [14-01-2019 00-41-21 - v259]"
"<infiSTAR.de>RANDOMVAR| _AH_RunCheckENDVAR: k9c715f6b2847247f887e1e126b566e27873d   [14-01-2019 00-41-21 - v259]"
"<infiSTAR.de>RANDOMVAR| _AH_RunCheckENDVAR_THREAD: y7b164e67279f4c1b0e564c1c5c2d1d732658   [14-01-2019 00-41-21 - v259]"
"<infiSTAR.de>RANDOMVAR| _AH_HackLogArrayRND: h1f3b11378e25282d   [14-01-2019 00-41-21 - v259]"
"<infiSTAR.de>RANDOMVAR| _AH_SurvLogArrayRND: u373777477d7d2693380b6f1b211826914b824e   [14-01-2019 00-41-21 - v259]"
"<infiSTAR.de>RANDOMVAR| _AH_AdmiLogArrayRND: e7f3c8e874e7727176c   [14-01-2019 00-41-21 - v259]"
"<infiSTAR.de>RANDOMVAR| _TMPBAN: c6f8c1f583b6c942b06612626914e274b766b8e   [14-01-2019 00-41-21 - v259]"
"<infiSTAR.de>RANDOMVAR| _massMessage: m3d5e4c2c1f5c87675c   [14-01-2019 00-41-21 - v259]"
"<infiSTAR.de>RANDOMVAR| _massSysMessage: k467f672865521f561b4b8137   [14-01-2019 00-41-21 - v259]"
"<infiSTAR.de>RANDOMVAR| _AHpos: f8c4874686736618e6d864e3e3e2c8e   [14-01-2019 00-41-21 - v259]"
"<infiSTAR.de>RANDOMVAR| _ninetwo: n766f86518f7766789b576886321b5171680e   [14-01-2019 00-41-21 - v259]"
"<infiSTAR.de>RANDOMVAR| _ninetwothread: v343168077b22571736373b1887264e3e74   [14-01-2019 00-41-21 - v259]"
"<infiSTAR.de>RANDOMVAR| _adminsA: w37487b3e26667128   [14-01-2019 00-41-21 - v259]"
"<infiSTAR.de>RANDOMVAR| _MC: o010b027d7371945e64268d   [14-01-2019 00-41-21 - v259]"
"<infiSTAR.de>RANDOMVAR| _MCS: x531886481751821b46463e1d38   [14-01-2019 00-41-21 - v259]"
"<infiSTAR.de>RANDOMVAR| _checkidicheckcheck: g4d247d24888f96049e4e1a967b874b7e1c   [14-01-2019 00-41-21 - v259]"
"<infiSTAR.de>RANDOMVAR| _lastshotmade: k76371654780f7b8c5d9e47283617   [14-01-2019 00-41-21 - v259]"
"<infiSTAR.de>RANDOMVAR| _dellocveh: y2c2f243f68972b6c   [14-01-2019 00-41-21 - v259]"
"<infiSTAR.de>RANDOMVAR| _inCombatTime: r5784226c9e5b9f6846874e862778   [14-01-2019 00-41-21 - v259]"
"<infiSTAR.de>RANDOMVAR| _inCombatArray: y6d361f257d283e547b56   [14-01-2019 00-41-21 - v259]"
"<infiSTAR.de>RANDOMVAR| _fnc_infiKeyHandler: g57143e373e312e6e127c137c14   [14-01-2019 00-41-21 - v259]"
"<infiSTAR.de>RANDOMVAR| _vehicle_needs_check: l783d553e6f34468a265e   [14-01-2019 00-41-21 - v259]"
"<infiSTAR.de>RANDOMVAR| _MAKE_VAR_DUMP_RANDOM: f442566472b5c8b86   [14-01-2019 00-41-21 - v259]"
"<infiSTAR.de>RANDOMVAR| _MAKE_VAR_DUMP_CLIENT: d473c6c0e784e13846715   [14-01-2019 00-41-21 - v259]"
"<infiSTAR.de>RANDOMVAR| _DUMPINGPLAYERUIDARRAY: g7e6e6f6c8c667f18368b518e87   [14-01-2019 00-41-21 - v259]"
"<infiSTAR.de>RANDOMVAR| _CURRENTLYDUMPING: l3c6b241b863167542c36766b   [14-01-2019 00-41-21 - v259]"
"<infiSTAR.de>RANDOMVAR| _antiantihack_rndvar: o8227033e7e9b6c76   [14-01-2019 00-41-21 - v259]"
"<infiSTAR.de>RANDOMVAR| _name_by_uid: v6b964f161763444896437e153b74187e2c1677   [14-01-2019 00-41-21 - v259]"
"<infiSTAR.de>RANDOMVAR| _owner_by_uid: d2c1628741782848e253d855b3268   [14-01-2019 00-41-21 - v259]"
"<infiSTAR.de>RANDOMVAR| _customcommandingMenu: n8e681e2f121661562e6e0f3b733f2f376b365e   [14-01-2019 00-41-21 - v259]"
"<infiSTAR.de>RANDOMVAR| _customcommandingMenuOpen: m7b07467e1d1f166c6b   [14-01-2019 00-41-21 - v259]"
"<infiSTAR.de>RANDOMVAR| _AH_KICKLOG: PVAHR_6x4w8v2i2c7k   [14-01-2019 00-41-21 - v259]"
"<infiSTAR.de>RANDOMVAR| ----END-LINE----   (14-01-2019 00-41-21 - v259)   [14-01-2019 00-41-21 - v259]"
"<infiSTAR.de> 0 - loading AntiHack.."
"<infiSTAR.de> 0 - Thread MAIN: starting!"
"<infiSTAR.de> 0 - Thread MAIN: loading...!"
"<infiSTAR.de> 0 - Thread MAIN: compiling and/or sending none-threaded code!"
"<infiSTAR.de>CONNECTLOG| infiSTAR_PlayerConnected_id: 0   [14-01-2019 00-41-21 - v259]"
"<infiSTAR.de>CONNECTLOG| infiSTAR_PlayerDisconnected_id: 0   [14-01-2019 00-41-21 - v259]"
"<infiSTAR.de> 0 - Thread MAIN: none-threaded code compiled and/or sent!"
"<infiSTAR.de> 0 - AntiHack loaded!"
"<infiSTAR.de> 0 - run.sqf - AntiHack included!"
"<infiSTAR.de> 0 - run.sqf - including AdminTools"
"<infiSTAR.de> 0 - run.sqf - AdminTools included!"
"extDB3: Connected to Database"
"----------------------------------------------------------------------------------------------------"
"---------------------------------- Starting Altis Life Server Init ---------------------------------"
"------------------------------------------ Version 5.0.0 -------------------------------------------"
"----------------------------------------------------------------------------------------------------"
Strange convex component322 in a3\structures_f\research\dome_big_f.p3d:geometryFire
Strange convex component327 in a3\structures_f\research\dome_big_f.p3d:geometryFire
"----------------------------------------------------------------------------------------------------"
"               End of Altis Life Server Init :: Total Execution Time 0.195007 seconds "
"----------------------------------------------------------------------------------------------------"
"<infiSTAR.de> 0 - Thread #1: Server Loop #1 starting now!"
"<infiSTAR.de> 0 - Thread #1: Server Loop #1 looping now!"
EPE manager release (0|148|0)
Deinitialized shape [Class: "C_Soldier_VR_F"; Shape: "a3\characters_f_bootcamp\common\vr_soldier_f.p3d";]
Deinitialized shape [Class: "Underwear_F"; Shape: "a3\characters_f\common\basicbody.p3d";]
Deinitialized shape [Class: "C_journalist_F"; Shape: "a3\characters_f_epc\civil\c_journalist.p3d";]
Deinitialized shape [Class: "B_diver_F"; Shape: "a3\characters_f\common\diver_slotable.p3d";]
Deinitialized shape [Class: "O_Soldier_F"; Shape: "a3\characters_f\opfor\o_soldier_01.p3d";]
Deinitialized shape [Class: "B_RangeMaster_F"; Shape: "a3\characters_f\civil\c_poloshirtpants.p3d";]
Deinitialized shape [Class: "C_Nikos_aged"; Shape: "a3\characters_f_epc\civil\c_nikos_aged.p3d";]
Deinitialized shape [Class: "C_man_p_beggar_F_afro"; Shape: "a3\characters_f\civil\c_poor.p3d";]
Deinitialized shape [Class: "C_man_p_beggar_F"; Shape: "a3\characters_f\civil\c_poor.p3d";]
Deinitialized shape [Class: "C_man_p_fugitive_F_asia"; Shape: "a3\characters_f\civil\c_poor.p3d";]
Deinitialized shape [Class: "C_man_p_fugitive_F"; Shape: "a3\characters_f\civil\c_poor.p3d";]
Deinitialized shape [Class: "C_man_w_worker_F"; Shape: "a3\characters_f\common\coveralls.p3d";]
Deinitialized shape [Class: "C_man_hunter_1_F"; Shape: "a3\characters_f\civil\c_hunter_f.p3d";]
Deinitialized shape [Class: "C_man_1"; Shape: "a3\characters_f\civil\c_poloshirt.p3d";]
Deinitialized shape [Class: "C_man_polo_3_F"; Shape: "a3\characters_f\civil\c_poloshirt.p3d";]
Deinitialized shape [Class: "C_man_polo_6_F"; Shape: "a3\characters_f\civil\c_poloshirt.p3d";]
Deinitialized shape [Class: "C_man_p_shorts_1_F_afro"; Shape: "a3\characters_f\civil\c_poloshirt.p3d";]
Deinitialized shape [Class: "C_man_p_shorts_1_F"; Shape: "a3\characters_f\civil\c_poloshirt.p3d";]
Deinitialized shape [Class: "C_man_shorts_3_F_euro"; Shape: "a3\characters_f\civil\c_poloshirt.p3d";]
Deinitialized shape [Class: "C_man_shorts_3_F"; Shape: "a3\characters_f\civil\c_poloshirt.p3d";]
Deinitialized shape [Class: "C_man_polo_1_F"; Shape: "a3\characters_f\civil\c_poloshirt.p3d";]
Deinitialized shape [Class: "C_man_polo_4_F"; Shape: "a3\characters_f\civil\c_poloshirt.p3d";]
Deinitialized shape [Class: "C_man_polo_5_F"; Shape: "a3\characters_f\civil\c_poloshirt.p3d";]
Deinitialized shape [Class: "C_man_polo_2_F"; Shape: "a3\characters_f\civil\c_poloshirt.p3d";]
c:\bis\source\stable\futura\lib\network\networkserver.cpp ClearNetServer:NOT IMPLEMENTED - briefing!
Extensions:
  extDB3 (C:\Program Files (x86)\Steam\steamapps\common\Arna 3 Servers\Arma 3 Server\@extDB3\extDB3_x64.dll) [ÏXºþEW]

  armalog (C:\Program Files (x86)\Steam\steamapps\common\Arna 3 Servers\Arma 3 Server\@infiSTAR_A3\armalog_x64.dll) [1.2.5.9] [1.2.5.9]

  updatearmalog (C:\Program Files (x86)\Steam\steamapps\common\Arna 3 Servers\Arma 3 Server\@infiSTAR_A3\updatearmalog_x64.dll) [] []

